Component: Arm Compiler for Embedded 6.19 Tool: armlink [5e73cb00]

==============================================================================

Section Cross References

    system_py32f0xx.o(.text.SystemCoreClockUpdate) refers to system_py32f0xx.o(.rodata.HSIFreqTable) for HSIFreqTable
    system_py32f0xx.o(.text.SystemCoreClockUpdate) refers to system_py32f0xx.o(.data.SystemCoreClock) for SystemCoreClock
    system_py32f0xx.o(.text.SystemCoreClockUpdate) refers to system_py32f0xx.o(.rodata.AHBPrescTable) for AHBPrescTable
    system_py32f0xx.o(.ARM.exidx.text.SystemCoreClockUpdate) refers to system_py32f0xx.o(.text.SystemCoreClockUpdate) for [Anonymous Symbol]
    system_py32f0xx.o(.ARM.exidx.text.SystemInit) refers to system_py32f0xx.o(.text.SystemInit) for [Anonymous Symbol]
    system_py32f0xx.o(.text.$Sub$$main) refers to main.o(.text.main) for $Super$$main
    system_py32f0xx.o(.text.$Sub$$main) refers to system_py32f0xx.o(.ARM.__at_0x20000000) for VECT_SRAM_TAB
    system_py32f0xx.o(.ARM.exidx.text.$Sub$$main) refers to system_py32f0xx.o(.text.$Sub$$main) for [Anonymous Symbol]
    startup_py32f030xx.o(RESET) refers to startup_py32f030xx.o(STACK) for __initial_sp
    startup_py32f030xx.o(RESET) refers to startup_py32f030xx.o(.text) for Reset_Handler
    startup_py32f030xx.o(RESET) refers to py32f0xx_it.o(.text.NMI_Handler) for NMI_Handler
    startup_py32f030xx.o(RESET) refers to py32f0xx_it.o(.text.HardFault_Handler) for HardFault_Handler
    startup_py32f030xx.o(RESET) refers to py32f0xx_it.o(.text.SVC_Handler) for SVC_Handler
    startup_py32f030xx.o(RESET) refers to py32f0xx_it.o(.text.PendSV_Handler) for PendSV_Handler
    startup_py32f030xx.o(RESET) refers to py32f0xx_it.o(.text.SysTick_Handler) for SysTick_Handler
    startup_py32f030xx.o(RESET) refers to py32f0xx_it.o(.text.USART1_IRQHandler) for USART1_IRQHandler
    startup_py32f030xx.o(.text) refers to system_py32f0xx.o(.text.SystemInit) for SystemInit
    startup_py32f030xx.o(.text) refers to entry.o(.ARM.Collect$$$$00000000) for __main
    main.o(.text.main) refers to py32f0xx_hal.o(.text.HAL_Init) for HAL_Init
    main.o(.text.main) refers to py32f0xx_hal_rcc.o(.text.HAL_RCC_OscConfig) for HAL_RCC_OscConfig
    main.o(.text.main) refers to py32f0xx_hal_rcc.o(.text.HAL_RCC_ClockConfig) for HAL_RCC_ClockConfig
    main.o(.text.main) refers to bsp_usart.o(.text.DEBUG_USART_Config) for DEBUG_USART_Config
    main.o(.text.main) refers to puts.o(i.puts) for puts
    main.o(.text.main) refers to core_main.o(.text.main2) for main2
    main.o(.ARM.exidx.text.main) refers to main.o(.text.main) for [Anonymous Symbol]
    main.o(.ARM.exidx.text.APP_ErrorHandler) refers to main.o(.text.APP_ErrorHandler) for [Anonymous Symbol]
    py32f0xx_it.o(.ARM.exidx.text.NMI_Handler) refers to py32f0xx_it.o(.text.NMI_Handler) for [Anonymous Symbol]
    py32f0xx_it.o(.ARM.exidx.text.HardFault_Handler) refers to py32f0xx_it.o(.text.HardFault_Handler) for [Anonymous Symbol]
    py32f0xx_it.o(.ARM.exidx.text.SVC_Handler) refers to py32f0xx_it.o(.text.SVC_Handler) for [Anonymous Symbol]
    py32f0xx_it.o(.ARM.exidx.text.PendSV_Handler) refers to py32f0xx_it.o(.text.PendSV_Handler) for [Anonymous Symbol]
    py32f0xx_it.o(.text.SysTick_Handler) refers to py32f0xx_hal.o(.text.HAL_IncTick) for HAL_IncTick
    py32f0xx_it.o(.ARM.exidx.text.SysTick_Handler) refers to py32f0xx_it.o(.text.SysTick_Handler) for [Anonymous Symbol]
    py32f0xx_it.o(.text.USART1_IRQHandler) refers to bsp_usart.o(.bss.Uart1_Handle) for Uart1_Handle
    py32f0xx_it.o(.ARM.exidx.text.USART1_IRQHandler) refers to py32f0xx_it.o(.text.USART1_IRQHandler) for [Anonymous Symbol]
    py32f0xx_hal_msp.o(.ARM.exidx.text.HAL_MspInit) refers to py32f0xx_hal_msp.o(.text.HAL_MspInit) for [Anonymous Symbol]
    bsp_led.o(.text.Bsp_Led_Init) refers to py32f0xx_hal_gpio.o(.text.HAL_GPIO_Init) for HAL_GPIO_Init
    bsp_led.o(.text.Bsp_Led_Init) refers to py32f0xx_hal_gpio.o(.text.HAL_GPIO_WritePin) for HAL_GPIO_WritePin
    bsp_led.o(.ARM.exidx.text.Bsp_Led_Init) refers to bsp_led.o(.text.Bsp_Led_Init) for [Anonymous Symbol]
    bsp_key.o(.text.Bsp_Key_Init) refers to py32f0xx_hal_gpio.o(.text.HAL_GPIO_Init) for HAL_GPIO_Init
    bsp_key.o(.ARM.exidx.text.Bsp_Key_Init) refers to bsp_key.o(.text.Bsp_Key_Init) for [Anonymous Symbol]
    bsp_key.o(.text.Key_Scan) refers to py32f0xx_hal_gpio.o(.text.HAL_GPIO_ReadPin) for HAL_GPIO_ReadPin
    bsp_key.o(.text.Key_Scan) refers to bsp_key.o(.bss.Key_Scan.key_up) for [Anonymous Symbol]
    bsp_key.o(.ARM.exidx.text.Key_Scan) refers to bsp_key.o(.text.Key_Scan) for [Anonymous Symbol]
    bsp_usart.o(.text.Rx_Data_Buf_Init) refers to memseta.o(.text) for __aeabi_memclr
    bsp_usart.o(.ARM.exidx.text.Rx_Data_Buf_Init) refers to bsp_usart.o(.text.Rx_Data_Buf_Init) for [Anonymous Symbol]
    bsp_usart.o(.text.DEBUG_USART_Config) refers to py32f0xx_hal_uart.o(.text.HAL_UART_Init) for HAL_UART_Init
[...]
    Removing py32f0xx_hal_tim.o(.ARM.exidx.text.TIM_DMATriggerHalfCplt), (8 bytes).
    Removing py32f0xx_hal_tim.o(.text.HAL_TIM_DMABurst_WriteStop), (114 bytes).
    Removing py32f0xx_hal_tim.o(.ARM.exidx.text.HAL_TIM_DMABurst_WriteStop), (8 bytes).
    Removing py32f0xx_hal_tim.o(.text.HAL_TIM_DMABurst_ReadStart), (18 bytes).
    Removing py32f0xx_hal_tim.o(.ARM.exidx.text.HAL_TIM_DMABurst_ReadStart), (8 bytes).
    Removing py32f0xx_hal_tim.o(.text.HAL_TIM_DMABurst_MultiReadStart), (328 bytes).
    Removing py32f0xx_hal_tim.o(.ARM.exidx.text.HAL_TIM_DMABurst_MultiReadStart), (8 bytes).
    Removing py32f0xx_hal_tim.o(.text.HAL_TIM_DMABurst_ReadStop), (114 bytes).
    Removing py32f0xx_hal_tim.o(.ARM.exidx.text.HAL_TIM_DMABurst_ReadStop), (8 bytes).
    Removing py32f0xx_hal_tim.o(.text.HAL_TIM_GenerateEvent), (34 bytes).
    Removing py32f0xx_hal_tim.o(.ARM.exidx.text.HAL_TIM_GenerateEvent), (8 bytes).
    Removing py32f0xx_hal_tim.o(.text.HAL_TIM_ConfigOCrefClear), (236 bytes).
    Removing py32f0xx_hal_tim.o(.ARM.exidx.text.HAL_TIM_ConfigOCrefClear), (8 bytes).
    Removing py32f0xx_hal_tim.o(.text.TIM_ETR_SetConfig), (22 bytes).
    Removing py32f0xx_hal_tim.o(.ARM.exidx.text.TIM_ETR_SetConfig), (8 bytes).
    Removing py32f0xx_hal_tim.o(.text.HAL_TIM_ConfigClockSource), (228 bytes).
    Removing py32f0xx_hal_tim.o(.ARM.exidx.text.HAL_TIM_ConfigClockSource), (8 bytes).
    Removing py32f0xx_hal_tim.o(.text.TIM_TI1_ConfigInputStage), (34 bytes).
    Removing py32f0xx_hal_tim.o(.ARM.exidx.text.TIM_TI1_ConfigInputStage), (8 bytes).
    Removing py32f0xx_hal_tim.o(.text.TIM_TI2_ConfigInputStage), (38 bytes).
    Removing py32f0xx_hal_tim.o(.ARM.exidx.text.TIM_TI2_ConfigInputStage), (8 bytes).
    Removing py32f0xx_hal_tim.o(.text.HAL_TIM_ConfigTI1Input), (16 bytes).
    Removing py32f0xx_hal_tim.o(.ARM.exidx.text.HAL_TIM_ConfigTI1Input), (8 bytes).
    Removing py32f0xx_hal_tim.o(.text.HAL_TIM_SlaveConfigSynchro), (70 bytes).
    Removing py32f0xx_hal_tim.o(.ARM.exidx.text.HAL_TIM_SlaveConfigSynchro), (8 bytes).
    Removing py32f0xx_hal_tim.o(.text.TIM_SlaveTimer_SetConfig), (136 bytes).
    Removing py32f0xx_hal_tim.o(.ARM.exidx.text.TIM_SlaveTimer_SetConfig), (8 bytes).
    Removing py32f0xx_hal_tim.o(.text.HAL_TIM_SlaveConfigSynchro_IT), (70 bytes).
    Removing py32f0xx_hal_tim.o(.ARM.exidx.text.HAL_TIM_SlaveConfigSynchro_IT), (8 bytes).
    Removing py32f0xx_hal_tim.o(.text.HAL_TIM_ReadCapturedValue), (50 bytes).
    Removing py32f0xx_hal_tim.o(.ARM.exidx.text.HAL_TIM_ReadCapturedValue), (8 bytes).
    Removing py32f0xx_hal_tim.o(.text.HAL_TIM_PeriodElapsedHalfCpltCallback), (2 bytes).
    Removing py32f0xx_hal_tim.o(.ARM.exidx.text.HAL_TIM_PeriodElapsedHalfCpltCallback), (8 bytes).
    Removing py32f0xx_hal_tim.o(.text.HAL_TIM_IC_CaptureHalfCpltCallback), (2 bytes).
    Removing py32f0xx_hal_tim.o(.ARM.exidx.text.HAL_TIM_IC_CaptureHalfCpltCallback), (8 bytes).
    Removing py32f0xx_hal_tim.o(.text.HAL_TIM_PWM_PulseFinishedHalfCpltCallback), (2 bytes).
    Removing py32f0xx_hal_tim.o(.ARM.exidx.text.HAL_TIM_PWM_PulseFinishedHalfCpltCallback), (8 bytes).
    Removing py32f0xx_hal_tim.o(.text.HAL_TIM_TriggerHalfCpltCallback), (2 bytes).
    Removing py32f0xx_hal_tim.o(.ARM.exidx.text.HAL_TIM_TriggerHalfCpltCallback), (8 bytes).
    Removing py32f0xx_hal_tim.o(.text.HAL_TIM_ErrorCallback), (2 bytes).
    Removing py32f0xx_hal_tim.o(.ARM.exidx.text.HAL_TIM_ErrorCallback), (8 bytes).
    Removing py32f0xx_hal_tim.o(.text.HAL_TIM_Base_GetState), (6 bytes).
    Removing py32f0xx_hal_tim.o(.ARM.exidx.text.HAL_TIM_Base_GetState), (8 bytes).
    Removing py32f0xx_hal_tim.o(.text.HAL_TIM_OC_GetState), (6 bytes).
    Removing py32f0xx_hal_tim.o(.ARM.exidx.text.HAL_TIM_OC_GetState), (8 bytes).
    Removing py32f0xx_hal_tim.o(.text.HAL_TIM_PWM_GetState), (6 bytes).
    Removing py32f0xx_hal_tim.o(.ARM.exidx.text.HAL_TIM_PWM_GetState), (8 bytes).
    Removing py32f0xx_hal_tim.o(.text.HAL_TIM_IC_GetState), (6 bytes).
    Removing py32f0xx_hal_tim.o(.ARM.exidx.text.HAL_TIM_IC_GetState), (8 bytes).
    Removing py32f0xx_hal_tim.o(.text.HAL_TIM_OnePulse_GetState), (6 bytes).
    Removing py32f0xx_hal_tim.o(.ARM.exidx.text.HAL_TIM_OnePulse_GetState), (8 bytes).
    Removing py32f0xx_hal_tim.o(.text.HAL_TIM_Encoder_GetState), (6 bytes).
    Removing py32f0xx_hal_tim.o(.ARM.exidx.text.HAL_TIM_Encoder_GetState), (8 bytes).
    Removing py32f0xx_hal_tim_ex.o(.text), (0 bytes).
    Removing py32f0xx_hal_tim_ex.o(.text.HAL_TIMEx_HallSensor_Init), (174 bytes).
    Removing py32f0xx_hal_tim_ex.o(.ARM.exidx.text.HAL_TIMEx_HallSensor_Init), (8 bytes).
    Removing py32f0xx_hal_tim_ex.o(.text.HAL_TIMEx_HallSensor_MspInit), (2 bytes).
    Removing py32f0xx_hal_tim_ex.o(.ARM.exidx.text.HAL_TIMEx_HallSensor_MspInit), (8 bytes).
    Removing py32f0xx_hal_tim_ex.o(.text.HAL_TIMEx_HallSensor_DeInit), (56 bytes).
    Removing py32f0xx_hal_tim_ex.o(.ARM.exidx.text.HAL_TIMEx_HallSensor_DeInit), (8 bytes).
    Removing py32f0xx_hal_tim_ex.o(.text.HAL_TIMEx_HallSensor_MspDeInit), (2 bytes).
    Removing py32f0xx_hal_tim_ex.o(.ARM.exidx.text.HAL_TIMEx_HallSensor_MspDeInit), (8 bytes).
    Removing py32f0xx_hal_tim_ex.o(.text.HAL_TIMEx_HallSensor_Start), (38 bytes).
    Removing py32f0xx_hal_tim_ex.o(.ARM.exidx.text.HAL_TIMEx_HallSensor_Start), (8 bytes).
    Removing py32f0xx_hal_tim_ex.o(.text.HAL_TIMEx_HallSensor_Stop), (52 bytes).
    Removing py32f0xx_hal_tim_ex.o(.ARM.exidx.text.HAL_TIMEx_HallSensor_Stop), (8 bytes).
    Removing py32f0xx_hal_tim_ex.o(.text.HAL_TIMEx_HallSensor_Start_IT), (46 bytes).
    Removing py32f0xx_hal_tim_ex.o(.ARM.exidx.text.HAL_TIMEx_HallSensor_Start_IT), (8 bytes).
    Removing py32f0xx_hal_tim_ex.o(.text.HAL_TIMEx_HallSensor_Stop_IT), (60 bytes).
    Removing py32f0xx_hal_tim_ex.o(.ARM.exidx.text.HAL_TIMEx_HallSensor_Stop_IT), (8 bytes).
    Removing py32f0xx_hal_tim_ex.o(.text.HAL_TIMEx_HallSensor_Start_DMA), (144 bytes).
    Removing py32f0xx_hal_tim_ex.o(.ARM.exidx.text.HAL_TIMEx_HallSensor_Start_DMA), (8 bytes).
    Removing py32f0xx_hal_tim_ex.o(.text.HAL_TIMEx_HallSensor_Stop_DMA), (68 bytes).
    Removing py32f0xx_hal_tim_ex.o(.ARM.exidx.text.HAL_TIMEx_HallSensor_Stop_DMA), (8 bytes).
    Removing py32f0xx_hal_tim_ex.o(.text.HAL_TIMEx_OCN_Start), (44 bytes).
    Removing py32f0xx_hal_tim_ex.o(.ARM.exidx.text.HAL_TIMEx_OCN_Start), (8 bytes).
    Removing py32f0xx_hal_tim_ex.o(.text.TIM_CCxNChannelCmd), (26 bytes).
    Removing py32f0xx_hal_tim_ex.o(.ARM.exidx.text.TIM_CCxNChannelCmd), (8 bytes).
    Removing py32f0xx_hal_tim_ex.o(.text.HAL_TIMEx_OCN_Stop), (76 bytes).
    Removing py32f0xx_hal_tim_ex.o(.ARM.exidx.text.HAL_TIMEx_OCN_Stop), (8 bytes).
    Removing py32f0xx_hal_tim_ex.o(.text.HAL_TIMEx_OCN_Start_IT), (92 bytes).
    Removing py32f0xx_hal_tim_ex.o(.ARM.exidx.text.HAL_TIMEx_OCN_Start_IT), (8 bytes).
    Removing py32f0xx_hal_tim_ex.o(.text.HAL_TIMEx_OCN_Stop_IT), (128 bytes).
    Removing py32f0xx_hal_tim_ex.o(.ARM.exidx.text.HAL_TIMEx_OCN_Stop_IT), (8 bytes).
    Removing py32f0xx_hal_tim_ex.o(.text.HAL_TIMEx_OCN_Start_DMA), (244 bytes).
    Removing py32f0xx_hal_tim_ex.o(.ARM.exidx.text.HAL_TIMEx_OCN_Start_DMA), (8 bytes).
    Removing py32f0xx_hal_tim_ex.o(.text.HAL_TIMEx_OCN_Stop_DMA), (156 bytes).
    Removing py32f0xx_hal_tim_ex.o(.ARM.exidx.text.HAL_TIMEx_OCN_Stop_DMA), (8 bytes).
    Removing py32f0xx_hal_tim_ex.o(.text.HAL_TIMEx_PWMN_Start), (44 bytes).
    Removing py32f0xx_hal_tim_ex.o(.ARM.exidx.text.HAL_TIMEx_PWMN_Start), (8 bytes).
    Removing py32f0xx_hal_tim_ex.o(.text.HAL_TIMEx_PWMN_Stop), (76 bytes).
    Removing py32f0xx_hal_tim_ex.o(.ARM.exidx.text.HAL_TIMEx_PWMN_Stop), (8 bytes).
    Removing py32f0xx_hal_tim_ex.o(.text.HAL_TIMEx_PWMN_Start_IT), (92 bytes).
    Removing py32f0xx_hal_tim_ex.o(.ARM.exidx.text.HAL_TIMEx_PWMN_Start_IT), (8 bytes).
    Removing py32f0xx_hal_tim_ex.o(.text.HAL_TIMEx_PWMN_Stop_IT), (128 bytes).
    Removing py32f0xx_hal_tim_ex.o(.ARM.exidx.text.HAL_TIMEx_PWMN_Stop_IT), (8 bytes).
    Removing py32f0xx_hal_tim_ex.o(.text.HAL_TIMEx_PWMN_Start_DMA), (244 bytes).
    Removing py32f0xx_hal_tim_ex.o(.ARM.exidx.text.HAL_TIMEx_PWMN_Start_DMA), (8 bytes).
    Removing py32f0xx_hal_tim_ex.o(.text.HAL_TIMEx_PWMN_Stop_DMA), (156 bytes).
    Removing py32f0xx_hal_tim_ex.o(.ARM.exidx.text.HAL_TIMEx_PWMN_Stop_DMA), (8 bytes).
    Removing py32f0xx_hal_tim_ex.o(.text.HAL_TIMEx_OnePulseN_Start), (28 bytes).
    Removing py32f0xx_hal_tim_ex.o(.ARM.exidx.text.HAL_TIMEx_OnePulseN_Start), (8 bytes).
    Removing py32f0xx_hal_tim_ex.o(.text.HAL_TIMEx_OnePulseN_Stop), (76 bytes).
    Removing py32f0xx_hal_tim_ex.o(.ARM.exidx.text.HAL_TIMEx_OnePulseN_Stop), (8 bytes).
    Removing py32f0xx_hal_tim_ex.o(.text.HAL_TIMEx_OnePulseN_Start_IT), (42 bytes).
    Removing py32f0xx_hal_tim_ex.o(.ARM.exidx.text.HAL_TIMEx_OnePulseN_Start_IT), (8 bytes).
    Removing py32f0xx_hal_tim_ex.o(.text.HAL_TIMEx_OnePulseN_Stop_IT), (92 bytes).
    Removing py32f0xx_hal_tim_ex.o(.ARM.exidx.text.HAL_TIMEx_OnePulseN_Stop_IT), (8 bytes).
    Removing py32f0xx_hal_tim_ex.o(.text.HAL_TIMEx_ConfigCommutEvent), (78 bytes).
    Removing py32f0xx_hal_tim_ex.o(.ARM.exidx.text.HAL_TIMEx_ConfigCommutEvent), (8 bytes).
    Removing py32f0xx_hal_tim_ex.o(.text.HAL_TIMEx_ConfigCommutEvent_IT), (86 bytes).
    Removing py32f0xx_hal_tim_ex.o(.ARM.exidx.text.HAL_TIMEx_ConfigCommutEvent_IT), (8 bytes).
    Removing py32f0xx_hal_tim_ex.o(.text.HAL_TIMEx_ConfigCommutEvent_DMA), (120 bytes).
    Removing py32f0xx_hal_tim_ex.o(.ARM.exidx.text.HAL_TIMEx_ConfigCommutEvent_DMA), (8 bytes).
    Removing py32f0xx_hal_tim_ex.o(.text.TIMEx_DMACommutationCplt), (16 bytes).
    Removing py32f0xx_hal_tim_ex.o(.ARM.exidx.text.TIMEx_DMACommutationCplt), (8 bytes).
    Removing py32f0xx_hal_tim_ex.o(.text.TIMEx_DMACommutationHalfCplt), (16 bytes).
    Removing py32f0xx_hal_tim_ex.o(.ARM.exidx.text.TIMEx_DMACommutationHalfCplt), (8 bytes).
    Removing py32f0xx_hal_tim_ex.o(.text.HAL_TIMEx_MasterConfigSynchronization), (80 bytes).
    Removing py32f0xx_hal_tim_ex.o(.ARM.exidx.text.HAL_TIMEx_MasterConfigSynchronization), (8 bytes).
    Removing py32f0xx_hal_tim_ex.o(.text.HAL_TIMEx_ConfigBreakDeadTime), (90 bytes).
    Removing py32f0xx_hal_tim_ex.o(.ARM.exidx.text.HAL_TIMEx_ConfigBreakDeadTime), (8 bytes).
    Removing py32f0xx_hal_tim_ex.o(.text.HAL_TIMEx_RemapConfig), (28 bytes).
    Removing py32f0xx_hal_tim_ex.o(.ARM.exidx.text.HAL_TIMEx_RemapConfig), (8 bytes).
    Removing py32f0xx_hal_tim_ex.o(.text.HAL_TIMEx_CommutCallback), (2 bytes).
    Removing py32f0xx_hal_tim_ex.o(.ARM.exidx.text.HAL_TIMEx_CommutCallback), (8 bytes).
    Removing py32f0xx_hal_tim_ex.o(.text.HAL_TIMEx_CommutHalfCpltCallback), (2 bytes).
    Removing py32f0xx_hal_tim_ex.o(.ARM.exidx.text.HAL_TIMEx_CommutHalfCpltCallback), (8 bytes).
    Removing py32f0xx_hal_tim_ex.o(.text.HAL_TIMEx_BreakCallback), (2 bytes).
    Removing py32f0xx_hal_tim_ex.o(.ARM.exidx.text.HAL_TIMEx_BreakCallback), (8 bytes).
    Removing py32f0xx_hal_tim_ex.o(.text.HAL_TIMEx_HallSensor_GetState), (6 bytes).
    Removing py32f0xx_hal_tim_ex.o(.ARM.exidx.text.HAL_TIMEx_HallSensor_GetState), (8 bytes).
    Removing py32f0xx_hal_uart.o(.text), (0 bytes).
    Removing py32f0xx_hal_uart.o(.ARM.exidx.text.HAL_UART_Init), (8 bytes).
    Removing py32f0xx_hal_uart.o(.text.HAL_UART_MspInit), (2 bytes).
    Removing py32f0xx_hal_uart.o(.ARM.exidx.text.HAL_UART_MspInit), (8 bytes).
    Removing py32f0xx_hal_uart.o(.ARM.exidx.text.UART_SetConfig), (8 bytes).
    Removing py32f0xx_hal_uart.o(.text.HAL_HalfDuplex_Init), (90 bytes).
    Removing py32f0xx_hal_uart.o(.ARM.exidx.text.HAL_HalfDuplex_Init), (8 bytes).
    Removing py32f0xx_hal_uart.o(.text.HAL_MultiProcessor_Init), (128 bytes).
    Removing py32f0xx_hal_uart.o(.ARM.exidx.text.HAL_MultiProcessor_Init), (8 bytes).
    Removing py32f0xx_hal_uart.o(.text.HAL_UART_DeInit), (50 bytes).
    Removing py32f0xx_hal_uart.o(.ARM.exidx.text.HAL_UART_DeInit), (8 bytes).
    Removing py32f0xx_hal_uart.o(.text.HAL_UART_MspDeInit), (2 bytes).
    Removing py32f0xx_hal_uart.o(.ARM.exidx.text.HAL_UART_MspDeInit), (8 bytes).
    Removing py32f0xx_hal_uart.o(.ARM.exidx.text.HAL_UART_Transmit), (8 bytes).
    Removing py32f0xx_hal_uart.o(.ARM.exidx.text.UART_WaitOnFlagUntilTimeout), (8 bytes).
    Removing py32f0xx_hal_uart.o(.text.HAL_UART_Receive), (196 bytes).
    Removing py32f0xx_hal_uart.o(.ARM.exidx.text.HAL_UART_Receive), (8 bytes).
    Removing py32f0xx_hal_uart.o(.text.HAL_UART_Transmit_IT), (66 bytes).
    Removing py32f0xx_hal_uart.o(.ARM.exidx.text.HAL_UART_Transmit_IT), (8 bytes).
    Removing py32f0xx_hal_uart.o(.text.HAL_UART_Receive_IT), (90 bytes).
    Removing py32f0xx_hal_uart.o(.ARM.exidx.text.HAL_UART_Receive_IT), (8 bytes).
    Removing py32f0xx_hal_uart.o(.text.HAL_UART_Transmit_DMA), (116 bytes).
    Removing py32f0xx_hal_uart.o(.ARM.exidx.text.HAL_UART_Transmit_DMA), (8 bytes).
    Removing py32f0xx_hal_uart.o(.text.UART_DMATransmitCplt), (44 bytes).
    Removing py32f0xx_hal_uart.o(.ARM.exidx.text.UART_DMATransmitCplt), (8 bytes).
    Removing py32f0xx_hal_uart.o(.text.UART_DMATxHalfCplt), (10 bytes).
    Removing py32f0xx_hal_uart.o(.ARM.exidx.text.UART_DMATxHalfCplt), (8 bytes).
    Removing py32f0xx_hal_uart.o(.text.UART_DMAError), (82 bytes).
    Removing py32f0xx_hal_uart.o(.ARM.exidx.text.UART_DMAError), (8 bytes).
    Removing py32f0xx_hal_uart.o(.text.HAL_UART_Receive_DMA), (160 bytes).
    Removing py32f0xx_hal_uart.o(.ARM.exidx.text.HAL_UART_Receive_DMA), (8 bytes).
    Removing py32f0xx_hal_uart.o(.text.UART_DMAReceiveCplt), (56 bytes).
    Removing py32f0xx_hal_uart.o(.ARM.exidx.text.UART_DMAReceiveCplt), (8 bytes).
    Removing py32f0xx_hal_uart.o(.text.UART_DMARxHalfCplt), (10 bytes).
    Removing py32f0xx_hal_uart.o(.ARM.exidx.text.UART_DMARxHalfCplt), (8 bytes).
    Removing py32f0xx_hal_uart.o(.text.HAL_UART_DMAPause), (82 bytes).
    Removing py32f0xx_hal_uart.o(.ARM.exidx.text.HAL_UART_DMAPause), (8 bytes).
    Removing py32f0xx_hal_uart.o(.text.HAL_UART_DMAResume), (88 bytes).
    Removing py32f0xx_hal_uart.o(.ARM.exidx.text.HAL_UART_DMAResume), (8 bytes).
    Removing py32f0xx_hal_uart.o(.text.HAL_UART_DMAStop), (96 bytes).
    Removing py32f0xx_hal_uart.o(.ARM.exidx.text.HAL_UART_DMAStop), (8 bytes).
    Removing py32f0xx_hal_uart.o(.text.UART_EndRxTransfer), (28 bytes).
    Removing py32f0xx_hal_uart.o(.ARM.exidx.text.UART_EndRxTransfer), (8 bytes).
    Removing py32f0xx_hal_uart.o(.text.HAL_UART_Abort), (138 bytes).
    Removing py32f0xx_hal_uart.o(.ARM.exidx.text.HAL_UART_Abort), (8 bytes).
    Removing py32f0xx_hal_uart.o(.text.HAL_UART_AbortTransmit), (76 bytes).
    Removing py32f0xx_hal_uart.o(.ARM.exidx.text.HAL_UART_AbortTransmit), (8 bytes).
    Removing py32f0xx_hal_uart.o(.text.HAL_UART_AbortReceive), (86 bytes).
    Removing py32f0xx_hal_uart.o(.ARM.exidx.text.HAL_UART_AbortReceive), (8 bytes).
    Removing py32f0xx_hal_uart.o(.text.HAL_UART_Abort_IT), (176 bytes).
    Removing py32f0xx_hal_uart.o(.ARM.exidx.text.HAL_UART_Abort_IT), (8 bytes).
    Removing py32f0xx_hal_uart.o(.text.UART_DMATxAbortCallback), (46 bytes).
    Removing py32f0xx_hal_uart.o(.ARM.exidx.text.UART_DMATxAbortCallback), (8 bytes).
    Removing py32f0xx_hal_uart.o(.text.UART_DMARxAbortCallback), (46 bytes).
    Removing py32f0xx_hal_uart.o(.ARM.exidx.text.UART_DMARxAbortCallback), (8 bytes).
    Removing py32f0xx_hal_uart.o(.text.HAL_UART_AbortCpltCallback), (2 bytes).
    Removing py32f0xx_hal_uart.o(.ARM.exidx.text.HAL_UART_AbortCpltCallback), (8 bytes).
    Removing py32f0xx_hal_uart.o(.text.HAL_UART_AbortTransmit_IT), (80 bytes).
    Removing py32f0xx_hal_uart.o(.ARM.exidx.text.HAL_UART_AbortTransmit_IT), (8 bytes).
    Removing py32f0xx_hal_uart.o(.text.UART_DMATxOnlyAbortCallback), (20 bytes).
    Removing py32f0xx_hal_uart.o(.ARM.exidx.text.UART_DMATxOnlyAbortCallback), (8 bytes).
    Removing py32f0xx_hal_uart.o(.text.HAL_UART_AbortTransmitCpltCallback), (2 bytes).
    Removing py32f0xx_hal_uart.o(.ARM.exidx.text.HAL_UART_AbortTransmitCpltCallback), (8 bytes).
    Removing py32f0xx_hal_uart.o(.text.HAL_UART_AbortReceive_IT), (88 bytes).
    Removing py32f0xx_hal_uart.o(.ARM.exidx.text.HAL_UART_AbortReceive_IT), (8 bytes).
    Removing py32f0xx_hal_uart.o(.text.UART_DMARxOnlyAbortCallback), (20 bytes).
    Removing py32f0xx_hal_uart.o(.ARM.exidx.text.UART_DMARxOnlyAbortCallback), (8 bytes).
    Removing py32f0xx_hal_uart.o(.text.HAL_UART_AbortReceiveCpltCallback), (2 bytes).
    Removing py32f0xx_hal_uart.o(.ARM.exidx.text.HAL_UART_AbortReceiveCpltCallback), (8 bytes).
    Removing py32f0xx_hal_uart.o(.text.HAL_UART_IRQHandler), (404 bytes).
    Removing py32f0xx_hal_uart.o(.ARM.exidx.text.HAL_UART_IRQHandler), (8 bytes).
    Removing py32f0xx_hal_uart.o(.text.UART_Receive_IT), (108 bytes).
    Removing py32f0xx_hal_uart.o(.ARM.exidx.text.UART_Receive_IT), (8 bytes).
    Removing py32f0xx_hal_uart.o(.text.UART_DMAAbortOnError), (16 bytes).
    Removing py32f0xx_hal_uart.o(.ARM.exidx.text.UART_DMAAbortOnError), (8 bytes).
    Removing py32f0xx_hal_uart.o(.text.HAL_UART_ErrorCallback), (2 bytes).
    Removing py32f0xx_hal_uart.o(.ARM.exidx.text.HAL_UART_ErrorCallback), (8 bytes).
    Removing py32f0xx_hal_uart.o(.text.HAL_UART_IdleFrameDetectCpltCallback), (2 bytes).
    Removing py32f0xx_hal_uart.o(.ARM.exidx.text.HAL_UART_IdleFrameDetectCpltCallback), (8 bytes).
    Removing py32f0xx_hal_uart.o(.text.HAL_UART_TxCpltCallback), (2 bytes).
    Removing py32f0xx_hal_uart.o(.ARM.exidx.text.HAL_UART_TxCpltCallback), (8 bytes).
    Removing py32f0xx_hal_uart.o(.text.HAL_UART_TxHalfCpltCallback), (2 bytes).
    Removing py32f0xx_hal_uart.o(.ARM.exidx.text.HAL_UART_TxHalfCpltCallback), (8 bytes).
    Removing py32f0xx_hal_uart.o(.text.HAL_UART_RxCpltCallback), (2 bytes).
    Removing py32f0xx_hal_uart.o(.ARM.exidx.text.HAL_UART_RxCpltCallback), (8 bytes).
    Removing py32f0xx_hal_uart.o(.text.HAL_UART_RxHalfCpltCallback), (2 bytes).
    Removing py32f0xx_hal_uart.o(.ARM.exidx.text.HAL_UART_RxHalfCpltCallback), (8 bytes).
    Removing py32f0xx_hal_uart.o(.text.HAL_UART_SendBreak), (40 bytes).
    Removing py32f0xx_hal_uart.o(.ARM.exidx.text.HAL_UART_SendBreak), (8 bytes).
    Removing py32f0xx_hal_uart.o(.text.HAL_MultiProcessor_EnterMuteMode), (40 bytes).
    Removing py32f0xx_hal_uart.o(.ARM.exidx.text.HAL_MultiProcessor_EnterMuteMode), (8 bytes).
    Removing py32f0xx_hal_uart.o(.text.HAL_MultiProcessor_ExitMuteMode), (40 bytes).
    Removing py32f0xx_hal_uart.o(.ARM.exidx.text.HAL_MultiProcessor_ExitMuteMode), (8 bytes).
    Removing py32f0xx_hal_uart.o(.text.HAL_HalfDuplex_EnableTransmitter), (44 bytes).
    Removing py32f0xx_hal_uart.o(.ARM.exidx.text.HAL_HalfDuplex_EnableTransmitter), (8 bytes).
    Removing py32f0xx_hal_uart.o(.text.HAL_HalfDuplex_EnableReceiver), (44 bytes).
    Removing py32f0xx_hal_uart.o(.ARM.exidx.text.HAL_HalfDuplex_EnableReceiver), (8 bytes).
    Removing py32f0xx_hal_uart.o(.text.HAL_UART_GetState), (14 bytes).
    Removing py32f0xx_hal_uart.o(.ARM.exidx.text.HAL_UART_GetState), (8 bytes).
    Removing py32f0xx_hal_uart.o(.text.HAL_UART_GetError), (4 bytes).
    Removing py32f0xx_hal_uart.o(.ARM.exidx.text.HAL_UART_GetError), (8 bytes).
    Removing py32f0xx_hal_usart.o(.text), (0 bytes).
    Removing py32f0xx_hal_wwdg.o(.text), (0 bytes).

1102 unused section(s) (total 50716 bytes) removed from the image.

==============================================================================

Image Symbol Table

    Local Symbols

    Symbol Name                              Value     Ov Type        Size  Object(Section)

    ../clib/division.s                       0x00000000   Number         0  aeabi_sdiv.o ABSOLUTE
    ../clib/division.s                       0x00000000   Number         0  aeabi_sdiv_div0.o ABSOLUTE
    ../clib/longlong.c                       0x00000000   Number         0  llmul.o ABSOLUTE
    ../clib/microlib/division.c              0x00000000   Number         0  uidiv.o ABSOLUTE
    ../clib/microlib/division.c              0x00000000   Number         0  uidiv_div0.o ABSOLUTE
    ../clib/microlib/division.c              0x00000000   Number         0  idiv_div0.o ABSOLUTE
    ../clib/microlib/division.c              0x00000000   Number         0  idiv0.o ABSOLUTE
    ../clib/microlib/init/entry.s            0x00000000   Number         0  entry.o ABSOLUTE
    ../clib/microlib/init/entry.s            0x00000000   Number         0  entry2.o ABSOLUTE
    ../clib/microlib/init/entry.s            0x00000000   Number         0  entry5.o ABSOLUTE
    ../clib/microlib/init/entry.s            0x00000000   Number         0  entry7a.o ABSOLUTE
    ../clib/microlib/init/entry.s            0x00000000   Number         0  entry7b.o ABSOLUTE
    ../clib/microlib/init/entry.s            0x00000000   Number         0  entry8a.o ABSOLUTE
    ../clib/microlib/init/entry.s            0x00000000   Number         0  entry8b.o ABSOLUTE
    ../clib/microlib/init/entry.s            0x00000000   Number         0  entry9a.o ABSOLUTE
    ../clib/microlib/init/entry.s            0x00000000   Number         0  entry9b.o ABSOLUTE
    ../clib/microlib/init/entry.s            0x00000000   Number         0  entry10a.o ABSOLUTE
    ../clib/microlib/init/entry.s            0x00000000   Number         0  entry10b.o ABSOLUTE
    ../clib/microlib/init/entry.s            0x00000000   Number         0  entry11a.o ABSOLUTE
    ../clib/microlib/init/entry.s            0x00000000   Number         0  entry11b.o ABSOLUTE
    ../clib/microlib/longlong.c              0x00000000   Number         0  llshl.o ABSOLUTE
    ../clib/microlib/longlong.c              0x00000000   Number         0  llushr.o ABSOLUTE
    ../clib/microlib/longlong.c              0x00000000   Number         0  llsshr.o ABSOLUTE
    ../clib/microlib/stdio/puts.c            0x00000000   Number         0  puts.o ABSOLUTE
    ../clib/microlib/stdio/puts.c            0x00000000   Number         0  puts_e.o ABSOLUTE
    ../clib/microlib/stdio/streams.c         0x00000000   Number         0  stdout.o ABSOLUTE
    ../clib/microlib/string/memset.c         0x00000000   Number         0  memseta.o ABSOLUTE
    ../clib/microlib/stubs.s                 0x00000000   Number         0  iusefp.o ABSOLUTE
    ../fplib/microlib/fpadd.c                0x00000000   Number         0  dadd.o ABSOLUTE
    ../fplib/microlib/fpcmp.c                0x00000000   Number         0  dcmple.o ABSOLUTE
    ../fplib/microlib/fpcmp.c                0x00000000   Number         0  dcmplt.o ABSOLUTE
    ../fplib/microlib/fpcmp.c                0x00000000   Number         0  dcmpge.o ABSOLUTE
    ../fplib/microlib/fpcmp.c                0x00000000   Number         0  dcmpeq.o ABSOLUTE
    ../fplib/microlib/fpdiv.c                0x00000000   Number         0  ddiv.o ABSOLUTE
    ../fplib/microlib/fpepilogue.c           0x00000000   Number         0  depilogue.o ABSOLUTE
    ../fplib/microlib/fpfix.c                0x00000000   Number         0  dfixi.o ABSOLUTE
    ../fplib/microlib/fpfix.c                0x00000000   Number         0  dfixui.o ABSOLUTE
    ../fplib/microlib/fpflt.c                0x00000000   Number         0  dfltui.o ABSOLUTE
    ../fplib/microlib/fpmul.c                0x00000000   Number         0  dmul.o ABSOLUTE
    ../mathlib/modf.c                        0x00000000   Number         0  modf.o ABSOLUTE
    ..\Drivers\CMSIS\Device\PY32F0xx\Source\arm\startup_py32f030xx.s 0x00000000   Number         0  startup_py32f030xx.o ABSOLUTE
    bsp_key.c                                0x00000000   Number         0  bsp_key.o ABSOLUTE
    bsp_led.c                                0x00000000   Number         0  bsp_led.o ABSOLUTE
    bsp_usart.c                              0x00000000   Number         0  bsp_usart.o ABSOLUTE
    core_list_join.c                         0x00000000   Number         0  core_list_join.o ABSOLUTE
    core_main.c                              0x00000000   Number         0  core_main.o ABSOLUTE
    core_matrix.c                            0x00000000   Number         0  core_matrix.o ABSOLUTE
    core_portme.c                            0x00000000   Number         0  core_portme.o ABSOLUTE
    core_state.c                             0x00000000   Number         0  core_state.o ABSOLUTE
    core_util.c                              0x00000000   Number         0  core_util.o ABSOLUTE
    cvt.c                                    0x00000000   Number         0  cvt.o ABSOLUTE
    dc.s                                     0x00000000   Number         0  dc.o ABSOLUTE
    ee_printf.c                              0x00000000   Number         0  ee_printf.o ABSOLUTE
    handlers.s                               0x00000000   Number         0  handlers.o ABSOLUTE
    init.s                                   0x00000000   Number         0  init.o ABSOLUTE
    main.c                                   0x00000000   Number         0  main.o ABSOLUTE
    py32f0xx_hal.c                           0x00000000   Number         0  py32f0xx_hal.o ABSOLUTE
    py32f0xx_hal_adc.c                       0x00000000   Number         0  py32f0xx_hal_adc.o ABSOLUTE
    py32f0xx_hal_adc_ex.c                    0x00000000   Number         0  py32f0xx_hal_adc_ex.o ABSOLUTE
    py32f0xx_hal_comp.c                      0x00000000   Number         0  py32f0xx_hal_comp.o ABSOLUTE
    py32f0xx_hal_cortex.c                    0x00000000   Number         0  py32f0xx_hal_cortex.o ABSOLUTE
    py32f0xx_hal_crc.c                       0x00000000   Number         0  py32f0xx_hal_crc.o ABSOLUTE
    py32f0xx_hal_dma.c                       0x00000000   Number         0  py32f0xx_hal_dma.o ABSOLUTE
    py32f0xx_hal_exti.c                      0x00000000   Number         0  py32f0xx_hal_exti.o ABSOLUTE
    py32f0xx_hal_flash.c                     0x00000000   Number         0  py32f0xx_hal_flash.o ABSOLUTE
    py32f0xx_hal_gpio.c                      0x00000000   Number         0  py32f0xx_hal_gpio.o ABSOLUTE
    py32f0xx_hal_i2c.c                       0x00000000   Number         0  py32f0xx_hal_i2c.o ABSOLUTE
    py32f0xx_hal_irda.c                      0x00000000   Number         0  py32f0xx_hal_irda.o ABSOLUTE
    py32f0xx_hal_iwdg.c                      0x00000000   Number         0  py32f0xx_hal_iwdg.o ABSOLUTE
    py32f0xx_hal_led.c                       0x00000000   Number         0  py32f0xx_hal_led.o ABSOLUTE
    py32f0xx_hal_lptim.c                     0x00000000   Number         0  py32f0xx_hal_lptim.o ABSOLUTE
    py32f0xx_hal_msp.c                       0x00000000   Number         0  py32f0xx_hal_msp.o ABSOLUTE
    py32f0xx_hal_pwr.c                       0x00000000   Number         0  py32f0xx_hal_pwr.o ABSOLUTE
    py32f0xx_hal_rcc.c                       0x00000000   Number         0  py32f0xx_hal_rcc.o ABSOLUTE
    py32f0xx_hal_rcc_ex.c                    0x00000000   Number         0  py32f0xx_hal_rcc_ex.o ABSOLUTE
    py32f0xx_hal_rtc.c                       0x00000000   Number         0  py32f0xx_hal_rtc.o ABSOLUTE
    py32f0xx_hal_rtc_ex.c                    0x00000000   Number         0  py32f0xx_hal_rtc_ex.o ABSOLUTE
    py32f0xx_hal_spi.c                       0x00000000   Number         0  py32f0xx_hal_spi.o ABSOLUTE
    py32f0xx_hal_tim.c                       0x00000000   Number         0  py32f0xx_hal_tim.o ABSOLUTE
    py32f0xx_hal_tim_ex.c                    0x00000000   Number         0  py32f0xx_hal_tim_ex.o ABSOLUTE
    py32f0xx_hal_uart.c                      0x00000000   Number         0  py32f0xx_hal_uart.o ABSOLUTE
    py32f0xx_hal_usart.c                     0x00000000   Number         0  py32f0xx_hal_usart.o ABSOLUTE
    py32f0xx_hal_wwdg.c                      0x00000000   Number         0  py32f0xx_hal_wwdg.o ABSOLUTE
    py32f0xx_it.c                            0x00000000   Number         0  py32f0xx_it.o ABSOLUTE
    system_py32f0xx.c                        0x00000000   Number         0  system_py32f0xx.o ABSOLUTE
    RESET                                    0x08000000   Section      192  startup_py32f030xx.o(RESET)
    .ARM.Collect$$$$00000000                 0x080000c0   Section        0  entry.o(.ARM.Collect$$$$00000000)
    .ARM.Collect$$$$00000001                 0x080000c0   Section        4  entry2.o(.ARM.Collect$$$$00000001)
    .ARM.Collect$$$$00000004                 0x080000c4   Section        4  entry5.o(.ARM.Collect$$$$00000004)
    .ARM.Collect$$$$00000008                 0x080000c8   Section        0  entry7b.o(.ARM.Collect$$$$00000008)
    .ARM.Collect$$$$0000000A                 0x080000c8   Section        0  entry8b.o(.ARM.Collect$$$$0000000A)
    .ARM.Collect$$$$0000000B                 0x080000c8   Section        8  entry9a.o(.ARM.Collect$$$$0000000B)
    __lit__00000000                          0x080000d0   Data           4  entry2.o(.ARM.Collect$$$$00002712)
    .ARM.Collect$$$$0000000D                 0x080000d0   Section        0  entry10a.o(.ARM.Collect$$$$0000000D)
    .ARM.Collect$$$$0000000F                 0x080000d0   Section        0  entry11a.o(.ARM.Collect$$$$0000000F)
    .ARM.Collect$$$$00002712                 0x080000d0   Section        4  entry2.o(.ARM.Collect$$$$00002712)
    .text                                    0x080000d4   Section       28  startup_py32f030xx.o(.text)
    .text                                    0x080000f0   Section        0  dadd.o(.text)
    .text                                    0x08000254   Section        0  dmul.o(.text)
    .text                                    0x08000324   Section        0  ddiv.o(.text)
    .text                                    0x08000414   Section        0  dcmple.o(.text)
    .text                                    0x08000440   Section        0  dcmplt.o(.text)
    .text                                    0x0800046c   Section        0  dcmpge.o(.text)
    .text                                    0x08000498   Section        0  dcmpeq.o(.text)
    .text                                    0x080004c8   Section        0  dfltui.o(.text)
    .text                                    0x080004e4   Section        0  dfixi.o(.text)
    .text                                    0x0800052c   Section        0  dfixui.o(.text)
    .text                                    0x08000568   Section        0  uidiv_div0.o(.text)
    .text                                    0x080005a6   Section        0  llshl.o(.text)
    .text                                    0x080005c6   Section        0  llushr.o(.text)
    .text                                    0x080005e8   Section        0  llsshr.o(.text)
    .text                                    0x0800060e   Section        0  iusefp.o(.text)
    .text                                    0x0800060e   Section        0  depilogue.o(.text)
    .text                                    0x080006cc   Section       36  init.o(.text)
    [Anonymous Symbol]                       0x080006f0   Section        0  system_py32f0xx.o(.text.$Sub$$main)
    __arm_cp.2_0                             0x08000718   Number         4  system_py32f0xx.o(.text.$Sub$$main)
    __arm_cp.2_1                             0x0800071c   Number         4  system_py32f0xx.o(.text.$Sub$$main)
    [Anonymous Symbol]                       0x08000720   Section        0  bsp_usart.o(.text.DEBUG_USART_Config)
    __arm_cp.1_0                             0x08000740   Number         4  bsp_usart.o(.text.DEBUG_USART_Config)
    __arm_cp.1_1                             0x08000744   Number         4  bsp_usart.o(.text.DEBUG_USART_Config)
    [Anonymous Symbol]                       0x08000748   Section        0  py32f0xx_hal_gpio.o(.text.HAL_GPIO_Init)
    __arm_cp.0_0                             0x08000890   Number         4  py32f0xx_hal_gpio.o(.text.HAL_GPIO_Init)
    __arm_cp.0_1                             0x08000894   Number         4  py32f0xx_hal_gpio.o(.text.HAL_GPIO_Init)
    __arm_cp.0_2                             0x08000898   Number         4  py32f0xx_hal_gpio.o(.text.HAL_GPIO_Init)
    __arm_cp.0_3                             0x0800089c   Number         4  py32f0xx_hal_gpio.o(.text.HAL_GPIO_Init)
    [Anonymous Symbol]                       0x080008a0   Section        0  py32f0xx_hal.o(.text.HAL_GetTick)
    [Anonymous Symbol]                       0x080008a8   Section        0  py32f0xx_hal.o(.text.HAL_IncTick)
    __arm_cp.5_1                             0x080008b8   Number         4  py32f0xx_hal.o(.text.HAL_IncTick)
    [Anonymous Symbol]                       0x080008bc   Section        0  py32f0xx_hal.o(.text.HAL_Init)
    [Anonymous Symbol]                       0x080008d4   Section        0  py32f0xx_hal.o(.text.HAL_InitTick)
    __arm_cp.1_0                             0x08000914   Number         4  py32f0xx_hal.o(.text.HAL_InitTick)
    [Anonymous Symbol]                       0x08000918   Section        0  py32f0xx_hal_msp.o(.text.HAL_MspInit)
    __arm_cp.0_0                             0x08000940   Number         4  py32f0xx_hal_msp.o(.text.HAL_MspInit)
    [Anonymous Symbol]                       0x08000944   Section        0  py32f0xx_hal_cortex.o(.text.HAL_NVIC_EnableIRQ)
    __arm_cp.2_0                             0x08000954   Number         4  py32f0xx_hal_cortex.o(.text.HAL_NVIC_EnableIRQ)
    [Anonymous Symbol]                       0x08000958   Section        0  py32f0xx_hal_cortex.o(.text.HAL_NVIC_SetPriority)
    [Anonymous Symbol]                       0x08000960   Section        0  py32f0xx_hal_rcc.o(.text.HAL_RCC_ClockConfig)
    __arm_cp.3_0                             0x08000ac0   Number         4  py32f0xx_hal_rcc.o(.text.HAL_RCC_ClockConfig)
    __arm_cp.3_1                             0x08000ac4   Number         4  py32f0xx_hal_rcc.o(.text.HAL_RCC_ClockConfig)
    __arm_cp.3_3                             0x08000ac8   Number         4  py32f0xx_hal_rcc.o(.text.HAL_RCC_ClockConfig)
    __arm_cp.3_5                             0x08000acc   Number         4  py32f0xx_hal_rcc.o(.text.HAL_RCC_ClockConfig)
    [Anonymous Symbol]                       0x08000ad0   Section        0  py32f0xx_hal_rcc.o(.text.HAL_RCC_GetPCLK1Freq)
    __arm_cp.6_0                             0x08000aec   Number         4  py32f0xx_hal_rcc.o(.text.HAL_RCC_GetPCLK1Freq)
    __arm_cp.6_1                             0x08000af0   Number         4  py32f0xx_hal_rcc.o(.text.HAL_RCC_GetPCLK1Freq)
    __arm_cp.6_2                             0x08000af4   Number         4  py32f0xx_hal_rcc.o(.text.HAL_RCC_GetPCLK1Freq)
    [Anonymous Symbol]                       0x08000af8   Section        0  py32f0xx_hal_rcc.o(.text.HAL_RCC_GetSysClockFreq)
    __arm_cp.2_0                             0x08000b6c   Number         4  py32f0xx_hal_rcc.o(.text.HAL_RCC_GetSysClockFreq)
    __arm_cp.2_1                             0x08000b70   Number         4  py32f0xx_hal_rcc.o(.text.HAL_RCC_GetSysClockFreq)
    __arm_cp.2_2                             0x08000b74   Number         4  py32f0xx_hal_rcc.o(.text.HAL_RCC_GetSysClockFreq)
    __arm_cp.2_3                             0x08000b78   Number         4  py32f0xx_hal_rcc.o(.text.HAL_RCC_GetSysClockFreq)
    [Anonymous Symbol]                       0x08000b7c   Section        0  py32f0xx_hal_rcc.o(.text.HAL_RCC_OscConfig)
    __arm_cp.1_0                             0x08000fe4   Number         4  py32f0xx_hal_rcc.o(.text.HAL_RCC_OscConfig)
    __arm_cp.1_1                             0x08000fe8   Number         4  py32f0xx_hal_rcc.o(.text.HAL_RCC_OscConfig)
    __arm_cp.1_2                             0x08000fec   Number         4  py32f0xx_hal_rcc.o(.text.HAL_RCC_OscConfig)
    __arm_cp.1_3                             0x08000ff0   Number         4  py32f0xx_hal_rcc.o(.text.HAL_RCC_OscConfig)
    __arm_cp.1_4                             0x08000ff4   Number         4  py32f0xx_hal_rcc.o(.text.HAL_RCC_OscConfig)
    __arm_cp.1_5                             0x08000ff8   Number         4  py32f0xx_hal_rcc.o(.text.HAL_RCC_OscConfig)
    __arm_cp.1_6                             0x08000ffc   Number         4  py32f0xx_hal_rcc.o(.text.HAL_RCC_OscConfig)
    __arm_cp.1_7                             0x08001000   Number         4  py32f0xx_hal_rcc.o(.text.HAL_RCC_OscConfig)
    __arm_cp.1_8                             0x08001004   Number         4  py32f0xx_hal_rcc.o(.text.HAL_RCC_OscConfig)
    [Anonymous Symbol]                       0x08001008   Section        0  py32f0xx_hal_cortex.o(.text.HAL_SYSTICK_Config)
    __arm_cp.5_0                             0x08001030   Number         4  py32f0xx_hal_cortex.o(.text.HAL_SYSTICK_Config)
    __arm_cp.5_1                             0x08001034   Number         4  py32f0xx_hal_cortex.o(.text.HAL_SYSTICK_Config)
    __arm_cp.5_2                             0x08001038   Number         4  py32f0xx_hal_cortex.o(.text.HAL_SYSTICK_Config)
    [Anonymous Symbol]                       0x0800103c   Section        0  py32f0xx_hal_uart.o(.text.HAL_UART_Init)
    [Anonymous Symbol]                       0x080010c0   Section        0  bsp_usart.o(.text.HAL_UART_MspInit)
    __arm_cp.2_0                             0x08001154   Number         4  bsp_usart.o(.text.HAL_UART_MspInit)
    __arm_cp.2_1                             0x08001158   Number         4  bsp_usart.o(.text.HAL_UART_MspInit)
    __arm_cp.2_2                             0x0800115c   Number         4  bsp_usart.o(.text.HAL_UART_MspInit)
    [Anonymous Symbol]                       0x08001160   Section        0  py32f0xx_hal_uart.o(.text.HAL_UART_Transmit)
    __arm_cp.7_0                             0x08001234   Number         4  py32f0xx_hal_uart.o(.text.HAL_UART_Transmit)
    [Anonymous Symbol]                       0x08001238   Section        0  py32f0xx_it.o(.text.HardFault_Handler)
    [Anonymous Symbol]                       0x0800123a   Section        0  py32f0xx_it.o(.text.NMI_Handler)
    NVIC_SetPriority                         0x0800123d   Thumb Code    48  py32f0xx_hal_cortex.o(.text.NVIC_SetPriority)
    [Anonymous Symbol]                       0x0800123c   Section        0  py32f0xx_hal_cortex.o(.text.NVIC_SetPriority)
    __arm_cp.1_0                             0x0800126c   Number         4  py32f0xx_hal_cortex.o(.text.NVIC_SetPriority)
    __arm_cp.1_1                             0x08001270   Number         4  py32f0xx_hal_cortex.o(.text.NVIC_SetPriority)
    [Anonymous Symbol]                       0x08001274   Section        0  py32f0xx_it.o(.text.PendSV_Handler)
    [Anonymous Symbol]                       0x08001276   Section        0  py32f0xx_it.o(.text.SVC_Handler)
    [Anonymous Symbol]                       0x08001278   Section        0  py32f0xx_it.o(.text.SysTick_Handler)
    [Anonymous Symbol]                       0x08001280   Section        0  system_py32f0xx.o(.text.SystemInit)
    __arm_cp.1_0                             0x080012a0   Number         4  system_py32f0xx.o(.text.SystemInit)
    __arm_cp.1_1                             0x080012a4   Number         4  system_py32f0xx.o(.text.SystemInit)
    __arm_cp.1_2                             0x080012a8   Number         4  system_py32f0xx.o(.text.SystemInit)
    __arm_cp.1_3                             0x080012ac   Number         4  system_py32f0xx.o(.text.SystemInit)
    UART_SetConfig                           0x080012b1   Thumb Code   184  py32f0xx_hal_uart.o(.text.UART_SetConfig)
    [Anonymous Symbol]                       0x080012b0   Section        0  py32f0xx_hal_uart.o(.text.UART_SetConfig)
    __arm_cp.2_0                             0x08001368   Number         4  py32f0xx_hal_uart.o(.text.UART_SetConfig)
    __arm_cp.2_1                             0x0800136c   Number         4  py32f0xx_hal_uart.o(.text.UART_SetConfig)
    __arm_cp.2_2                             0x08001370   Number         4  py32f0xx_hal_uart.o(.text.UART_SetConfig)
    UART_WaitOnFlagUntilTimeout              0x08001375   Thumb Code    82  py32f0xx_hal_uart.o(.text.UART_WaitOnFlagUntilTimeout)
    [Anonymous Symbol]                       0x08001374   Section        0  py32f0xx_hal_uart.o(.text.UART_WaitOnFlagUntilTimeout)
    [Anonymous Symbol]                       0x080013c8   Section        0  py32f0xx_it.o(.text.USART1_IRQHandler)
    __arm_cp.5_0                             0x080013dc   Number         4  py32f0xx_it.o(.text.USART1_IRQHandler)
    [Anonymous Symbol]                       0x080013e0   Section        0  core_list_join.o(.text.calc_func)
    [Anonymous Symbol]                       0x08001468   Section        0  core_util.o(.text.check_data_types)
    [Anonymous Symbol]                       0x0800146c   Section        0  core_list_join.o(.text.cmp_complex)
    [Anonymous Symbol]                       0x0800148a   Section        0  core_list_join.o(.text.cmp_idx)
    [Anonymous Symbol]                       0x080014a0   Section        0  core_list_join.o(.text.core_bench_list)
    __arm_cp.4_0                             0x080015b0   Number         4  core_list_join.o(.text.core_bench_list)
    [Anonymous Symbol]                       0x080015b4   Section        0  core_matrix.o(.text.core_bench_matrix)
    [Anonymous Symbol]                       0x080015d0   Section        0  core_state.o(.text.core_bench_state)
    [Anonymous Symbol]                       0x0800168c   Section        0  core_matrix.o(.text.core_init_matrix)
    __arm_cp.8_0                             0x08001764   Number         4  core_matrix.o(.text.core_init_matrix)
    [Anonymous Symbol]                       0x08001768   Section        0  core_state.o(.text.core_init_state)
    [Anonymous Symbol]                       0x0800180c   Section        0  core_list_join.o(.text.core_list_find)
    [Anonymous Symbol]                       0x0800183c   Section        0  core_list_join.o(.text.core_list_init)
    __arm_cp.10_0                            0x08001928   Number         4  core_list_join.o(.text.core_list_init)
    __arm_cp.10_1                            0x0800192c   Number         4  core_list_join.o(.text.core_list_init)
    __arm_cp.10_2                            0x08001930   Number         4  core_list_join.o(.text.core_list_init)
    __arm_cp.10_3                            0x08001934   Number         4  core_list_join.o(.text.core_list_init)
    [Anonymous Symbol]                       0x08001938   Section        0  core_list_join.o(.text.core_list_mergesort)
    [Anonymous Symbol]                       0x080019f2   Section        0  core_list_join.o(.text.core_list_remove)
    [Anonymous Symbol]                       0x08001a08   Section        0  core_list_join.o(.text.core_list_reverse)
    [Anonymous Symbol]                       0x08001a1c   Section        0  core_state.o(.text.core_state_transition)
    [Anonymous Symbol]                       0x08001b3a   Section        0  core_util.o(.text.crc16)
    [Anonymous Symbol]                       0x08001b44   Section        0  core_util.o(.text.crcu16)
    [Anonymous Symbol]                       0x08001b58   Section        0  core_util.o(.text.crcu32)
    [Anonymous Symbol]                       0x08001b6c   Section        0  core_util.o(.text.crcu8)
    __arm_cp.1_0                             0x08001b90   Number         4  core_util.o(.text.crcu8)
    cvt                                      0x08001b95   Thumb Code   476  cvt.o(.text.cvt)
    [Anonymous Symbol]                       0x08001b94   Section        0  cvt.o(.text.cvt)
    __arm_cp.1_0                             0x08001d70   Number         4  cvt.o(.text.cvt)
    __arm_cp.1_1                             0x08001d74   Number         4  cvt.o(.text.cvt)
    __arm_cp.1_2                             0x08001d78   Number         4  cvt.o(.text.cvt)
    __arm_cp.1_3                             0x08001d7c   Number         4  cvt.o(.text.cvt)
    [Anonymous Symbol]                       0x08001d80   Section        0  ee_printf.o(.text.ee_printf)
    __arm_cp.1_0                             0x08002310   Number         4  ee_printf.o(.text.ee_printf)
    __arm_cp.1_1                             0x08002314   Number         4  ee_printf.o(.text.ee_printf)
    [Anonymous Symbol]                       0x08002320   Section        0  cvt.o(.text.fcvtbuf)
    [Anonymous Symbol]                       0x08002338   Section        0  bsp_usart.o(.text.fputc)
    __arm_cp.4_0                             0x0800234c   Number         4  bsp_usart.o(.text.fputc)
    [Anonymous Symbol]                       0x08002350   Section        0  core_util.o(.text.get_seed_32)
    [Anonymous Symbol]                       0x08002378   Section        0  core_portme.o(.text.get_time)
    __arm_cp.3_0                             0x08002384   Number         4  core_portme.o(.text.get_time)
    [Anonymous Symbol]                       0x08002388   Section        0  core_main.o(.text.iterate)
    [Anonymous Symbol]                       0x080023c8   Section        0  main.o(.text.main)
    __arm_cp.0_0                             0x08002434   Number         4  main.o(.text.main)
    __arm_cp.0_1                             0x08002438   Number         4  main.o(.text.main)
    [Anonymous Symbol]                       0x08002450   Section        0  core_main.o(.text.main2)
    __arm_cp.1_49                            0x0800285c   Number         4  core_main.o(.text.main2)
    __arm_cp.1_1                             0x08002878   Number         4  core_main.o(.text.main2)
    __arm_cp.1_2                             0x0800287c   Number         4  core_main.o(.text.main2)
    __arm_cp.1_3                             0x08002880   Number         4  core_main.o(.text.main2)
    __arm_cp.1_4                             0x08002884   Number         4  core_main.o(.text.main2)
    __arm_cp.1_5                             0x08002888   Number         4  core_main.o(.text.main2)
    __arm_cp.1_7                             0x080028bc   Number         4  core_main.o(.text.main2)
    __arm_cp.1_8                             0x080028c0   Number         4  core_main.o(.text.main2)
    __arm_cp.1_9                             0x080028c4   Number         4  core_main.o(.text.main2)
    __arm_cp.1_10                            0x080028c8   Number         4  core_main.o(.text.main2)
    __arm_cp.1_11                            0x080028cc   Number         4  core_main.o(.text.main2)
    __arm_cp.1_12                            0x080028d0   Number         4  core_main.o(.text.main2)
    __arm_cp.1_14                            0x08002904   Number         4  core_main.o(.text.main2)
    __arm_cp.1_15                            0x08002908   Number         4  core_main.o(.text.main2)
    __arm_cp.1_16                            0x0800290c   Number         4  core_main.o(.text.main2)
    __arm_cp.1_17                            0x08002910   Number         4  core_main.o(.text.main2)
    __arm_cp.1_18                            0x08002914   Number         4  core_main.o(.text.main2)
    __arm_cp.1_19                            0x08002918   Number         4  core_main.o(.text.main2)
    __arm_cp.1_20                            0x0800291c   Number         4  core_main.o(.text.main2)
    __arm_cp.1_21                            0x08002920   Number         4  core_main.o(.text.main2)
    __arm_cp.1_22                            0x08002924   Number         4  core_main.o(.text.main2)
    __arm_cp.1_23                            0x08002928   Number         4  core_main.o(.text.main2)
    __arm_cp.1_24                            0x0800292c   Number         4  core_main.o(.text.main2)
    __arm_cp.1_25                            0x08002930   Number         4  core_main.o(.text.main2)
    __arm_cp.1_26                            0x08002934   Number         4  core_main.o(.text.main2)
    __arm_cp.1_28                            0x08002950   Number         4  core_main.o(.text.main2)
    __arm_cp.1_29                            0x08002954   Number         4  core_main.o(.text.main2)
    __arm_cp.1_30                            0x08002958   Number         4  core_main.o(.text.main2)
    __arm_cp.1_31                            0x0800295c   Number         4  core_main.o(.text.main2)
    __arm_cp.1_32                            0x08002960   Number         4  core_main.o(.text.main2)
    __arm_cp.1_33                            0x08002964   Number         4  core_main.o(.text.main2)
    __arm_cp.1_34                            0x08002968   Number         4  core_main.o(.text.main2)
    __arm_cp.1_35                            0x0800296c   Number         4  core_main.o(.text.main2)
    __arm_cp.1_36                            0x08002970   Number         4  core_main.o(.text.main2)
    __arm_cp.1_37                            0x08002974   Number         4  core_main.o(.text.main2)
    __arm_cp.1_38                            0x08002978   Number         4  core_main.o(.text.main2)
    __arm_cp.1_39                            0x0800297c   Number         4  core_main.o(.text.main2)
    __arm_cp.1_40                            0x08002980   Number         4  core_main.o(.text.main2)
    __arm_cp.1_41                            0x08002984   Number         4  core_main.o(.text.main2)
    __arm_cp.1_43                            0x0800299c   Number         4  core_main.o(.text.main2)
    __arm_cp.1_44                            0x080029a0   Number         4  core_main.o(.text.main2)
    __arm_cp.1_45                            0x080029a4   Number         4  core_main.o(.text.main2)
    __arm_cp.1_46                            0x080029a8   Number         4  core_main.o(.text.main2)
    __arm_cp.1_48                            0x080029b0   Number         4  core_main.o(.text.main2)
    [Anonymous Symbol]                       0x080029b4   Section        0  core_matrix.o(.text.matrix_add_const)
    [Anonymous Symbol]                       0x080029da   Section        0  core_matrix.o(.text.matrix_mul_const)
    [Anonymous Symbol]                       0x08002a14   Section        0  core_matrix.o(.text.matrix_mul_matrix)
    [Anonymous Symbol]                       0x08002a82   Section        0  core_matrix.o(.text.matrix_mul_matrix_bitextract)
    [Anonymous Symbol]                       0x08002af8   Section        0  core_matrix.o(.text.matrix_mul_vect)
    [Anonymous Symbol]                       0x08002b48   Section        0  core_matrix.o(.text.matrix_sum)
    [Anonymous Symbol]                       0x08002ba8   Section        0  core_matrix.o(.text.matrix_test)
    __arm_cp.1_0                             0x08002c58   Number         4  core_matrix.o(.text.matrix_test)
    __arm_cp.1_1                             0x08002c5c   Number         4  core_matrix.o(.text.matrix_test)
    __arm_cp.1_2                             0x08002c60   Number         4  core_matrix.o(.text.matrix_test)
    number                                   0x08002c65   Thumb Code   340  ee_printf.o(.text.number)
    [Anonymous Symbol]                       0x08002c64   Section        0  ee_printf.o(.text.number)
    __arm_cp.4_0                             0x08002db8   Number         4  ee_printf.o(.text.number)
    __arm_cp.4_1                             0x08002dbc   Number         4  ee_printf.o(.text.number)
    [Anonymous Symbol]                       0x08002dc0   Section        0  core_portme.o(.text.portable_fini)
    [Anonymous Symbol]                       0x08002dd8   Section        0  core_portme.o(.text.portable_init)
    __arm_cp.5_1                             0x08002e24   Number         4  core_portme.o(.text.portable_init)
    __arm_cp.5_2                             0x08002e28   Number         4  core_portme.o(.text.portable_init)
    __arm_cp.5_3                             0x08002e2c   Number         4  core_portme.o(.text.portable_init)
    __arm_cp.5_5                             0x08002e50   Number         4  core_portme.o(.text.portable_init)
    skip_atoi                                0x08002e69   Thumb Code    36  ee_printf.o(.text.skip_atoi)
    [Anonymous Symbol]                       0x08002e68   Section        0  ee_printf.o(.text.skip_atoi)
    [Anonymous Symbol]                       0x08002e8c   Section        0  core_portme.o(.text.start_time)
    [Anonymous Symbol]                       0x08002e98   Section        0  core_portme.o(.text.stop_time)
    __arm_cp.2_0                             0x08002ea4   Number         4  core_portme.o(.text.stop_time)
    strnlen                                  0x08002ea9   Thumb Code    20  ee_printf.o(.text.strnlen)
    [Anonymous Symbol]                       0x08002ea8   Section        0  ee_printf.o(.text.strnlen)
    [Anonymous Symbol]                       0x08002ebc   Section        0  core_portme.o(.text.time_in_secs)
    __arm_cp.4_0                             0x08002ecc   Number         4  core_portme.o(.text.time_in_secs)
    [Anonymous Symbol]                       0x08002ed0   Section        0  ee_printf.o(.text.uart_send_char)
    __arm_cp.0_0                             0x08002ee4   Number         4  ee_printf.o(.text.uart_send_char)
    __arm_cp.0_1                             0x08002ee8   Number         4  ee_printf.o(.text.uart_send_char)
    i.__ARM_clz                              0x08002eec   Section        0  depilogue.o(i.__ARM_clz)
    i.__scatterload_copy                     0x08002f1a   Section       14  handlers.o(i.__scatterload_copy)
    i.__scatterload_null                     0x08002f28   Section        2  handlers.o(i.__scatterload_null)
    i.__scatterload_zeroinit                 0x08002f2a   Section       14  handlers.o(i.__scatterload_zeroinit)
    i.modf                                   0x08002f38   Section        0  modf.o(i.modf)
    i.puts                                   0x08002fc8   Section        0  puts.o(i.puts)
    [Anonymous Symbol]                       0x08002fe8   Section        0  py32f0xx_hal_rcc.o(.rodata..L__const.HAL_RCC_GetSysClockFreq.hsiValue)
    errpat                                   0x0800307c   Data          16  core_state.o(.rodata.errpat)
    [Anonymous Symbol]                       0x0800307c   Section        0  core_state.o(.rodata.errpat)
    floatpat                                 0x0800308c   Data          16  core_state.o(.rodata.floatpat)
    [Anonymous Symbol]                       0x0800308c   Section        0  core_state.o(.rodata.floatpat)
    intpat                                   0x0800309c   Data          16  core_state.o(.rodata.intpat)
    [Anonymous Symbol]                       0x0800309c   Section        0  core_state.o(.rodata.intpat)
    list_known_crc                           0x080030ac   Data          10  core_main.o(.rodata.list_known_crc)
    [Anonymous Symbol]                       0x080030ac   Section        0  core_main.o(.rodata.list_known_crc)
    matrix_known_crc                         0x080030b6   Data          10  core_main.o(.rodata.matrix_known_crc)
    [Anonymous Symbol]                       0x080030b6   Section        0  core_main.o(.rodata.matrix_known_crc)
    scipat                                   0x080030c0   Data          16  core_state.o(.rodata.scipat)
    [Anonymous Symbol]                       0x080030c0   Section        0  core_state.o(.rodata.scipat)
    state_known_crc                          0x080030d0   Data          10  core_main.o(.rodata.state_known_crc)
    [Anonymous Symbol]                       0x080030d0   Section        0  core_main.o(.rodata.state_known_crc)
    [Anonymous Symbol]                       0x080030da   Section        0  core_main.o(.rodata.str1.1)
    [Anonymous Symbol]                       0x0800345f   Section        0  core_state.o(.rodata.str1.1)
    [Anonymous Symbol]                       0x080034df   Section        0  ee_printf.o(.rodata.str1.1)
    .data                                    0x200000c0   Section        4  stdout.o(.data)
    [Anonymous Symbol]                       0x200000c4   Section        0  py32f0xx_hal.o(.data..L_MergedGlobals)
    start_time_val                           0x200000e0   Data           4  core_portme.o(.bss..L_MergedGlobals)
    [Anonymous Symbol]                       0x200000e0   Section        0  core_portme.o(.bss..L_MergedGlobals)
    stop_time_val                            0x200000e4   Data           4  core_portme.o(.bss..L_MergedGlobals)
    STACK                                    0x20000918   Section     1024  startup_py32f030xx.o(STACK)

    Global Symbols

    Symbol Name                              Value     Ov Type        Size  Object(Section)

    BuildAttributes$$THM_ISAv3M$S$PE$A:L22$X:L11$S22$IEEE1$IW$~IW$USESV6$~STKCKD$USESV7$~SHL$OTIME$ROPI$IEEEJ$EBA8$MICROLIB$REQ8$PRES8$EABIv2 0x00000000   Number         0  anon$$obj.o ABSOLUTE
    __cpp_initialize__aeabi_                  - Undefined Weak Reference
    __cxa_finalize                            - Undefined Weak Reference
    __decompress                              - Undefined Weak Reference
    _clock_init                               - Undefined Weak Reference
    _microlib_exit                            - Undefined Weak Reference
    __Vectors_Size                           0x000000c0   Number         0  startup_py32f030xx.o ABSOLUTE
    __Vectors                                0x08000000   Data           4  startup_py32f030xx.o(RESET)
    __Vectors_End                            0x080000c0   Data           0  startup_py32f030xx.o(RESET)
    __main                                   0x080000c1   Thumb Code     0  entry.o(.ARM.Collect$$$$00000000)
    _main_stk                                0x080000c1   Thumb Code     0  entry2.o(.ARM.Collect$$$$00000001)
    _main_scatterload                        0x080000c5   Thumb Code     0  entry5.o(.ARM.Collect$$$$00000004)
    __main_after_scatterload                 0x080000c9   Thumb Code     0  entry5.o(.ARM.Collect$$$$00000004)
    _main_clock                              0x080000c9   Thumb Code     0  entry7b.o(.ARM.Collect$$$$00000008)
    _main_cpp_init                           0x080000c9   Thumb Code     0  entry8b.o(.ARM.Collect$$$$0000000A)
    _main_init                               0x080000c9   Thumb Code     0  entry9a.o(.ARM.Collect$$$$0000000B)
    __rt_final_cpp                           0x080000d1   Thumb Code     0  entry10a.o(.ARM.Collect$$$$0000000D)
    __rt_final_exit                          0x080000d1   Thumb Code     0  entry11a.o(.ARM.Collect$$$$0000000F)
    Reset_Handler                            0x080000d5   Thumb Code     8  startup_py32f030xx.o(.text)
    ADC_COMP_IRQHandler                      0x080000e7   Thumb Code     0  startup_py32f030xx.o(.text)
    DMA1_Channel1_IRQHandler                 0x080000e7   Thumb Code     0  startup_py32f030xx.o(.text)
    DMA1_Channel2_3_IRQHandler               0x080000e7   Thumb Code     0  startup_py32f030xx.o(.text)
    EXTI0_1_IRQHandler                       0x080000e7   Thumb Code     0  startup_py32f030xx.o(.text)
    EXTI2_3_IRQHandler                       0x080000e7   Thumb Code     0  startup_py32f030xx.o(.text)
    EXTI4_15_IRQHandler                      0x080000e7   Thumb Code     0  startup_py32f030xx.o(.text)
    FLASH_IRQHandler                         0x080000e7   Thumb Code     0  startup_py32f030xx.o(.text)
    I2C1_IRQHandler                          0x080000e7   Thumb Code     0  startup_py32f030xx.o(.text)
    LED_IRQHandler                           0x080000e7   Thumb Code     0  startup_py32f030xx.o(.text)
    LPTIM1_IRQHandler                        0x080000e7   Thumb Code     0  startup_py32f030xx.o(.text)
    PVD_IRQHandler                           0x080000e7   Thumb Code     0  startup_py32f030xx.o(.text)
    RCC_IRQHandler                           0x080000e7   Thumb Code     0  startup_py32f030xx.o(.text)
    RTC_IRQHandler                           0x080000e7   Thumb Code     0  startup_py32f030xx.o(.text)
    SPI1_IRQHandler                          0x080000e7   Thumb Code     0  startup_py32f030xx.o(.text)
    SPI2_IRQHandler                          0x080000e7   Thumb Code     0  startup_py32f030xx.o(.text)
    TIM14_IRQHandler                         0x080000e7   Thumb Code     0  startup_py32f030xx.o(.text)
    TIM16_IRQHandler                         0x080000e7   Thumb Code     0  startup_py32f030xx.o(.text)
    TIM17_IRQHandler                         0x080000e7   Thumb Code     0  startup_py32f030xx.o(.text)
    TIM1_BRK_UP_TRG_COM_IRQHandler           0x080000e7   Thumb Code     0  startup_py32f030xx.o(.text)
    TIM1_CC_IRQHandler                       0x080000e7   Thumb Code     0  startup_py32f030xx.o(.text)
    TIM3_IRQHandler                          0x080000e7   Thumb Code     0  startup_py32f030xx.o(.text)
    USART2_IRQHandler                        0x080000e7   Thumb Code     0  startup_py32f030xx.o(.text)
    WWDG_IRQHandler                          0x080000e7   Thumb Code     0  startup_py32f030xx.o(.text)
    __aeabi_dadd                             0x080000f1   Thumb Code   328  dadd.o(.text)
    __aeabi_dsub                             0x08000239   Thumb Code    12  dadd.o(.text)
    __aeabi_drsub                            0x08000245   Thumb Code    12  dadd.o(.text)
    __aeabi_dmul                             0x08000255   Thumb Code   202  dmul.o(.text)
    __aeabi_ddiv                             0x08000325   Thumb Code   234  ddiv.o(.text)
    __aeabi_dcmple                           0x08000415   Thumb Code    44  dcmple.o(.text)
    __aeabi_dcmplt                           0x08000441   Thumb Code    44  dcmplt.o(.text)
    __aeabi_dcmpge                           0x0800046d   Thumb Code    44  dcmpge.o(.text)
    __aeabi_dcmpeq                           0x08000499   Thumb Code    46  dcmpeq.o(.text)
    __aeabi_ui2d                             0x080004c9   Thumb Code    24  dfltui.o(.text)
    __aeabi_d2iz                             0x080004e5   Thumb Code    62  dfixi.o(.text)
    __aeabi_d2uiz                            0x0800052d   Thumb Code    50  dfixui.o(.text)
    __aeabi_uidiv                            0x08000569   Thumb Code     0  uidiv_div0.o(.text)
    __aeabi_uidivmod                         0x08000569   Thumb Code    62  uidiv_div0.o(.text)
    __aeabi_llsl                             0x080005a7   Thumb Code    32  llshl.o(.text)
    _ll_shift_l                              0x080005a7   Thumb Code     0  llshl.o(.text)
    __aeabi_llsr                             0x080005c7   Thumb Code    34  llushr.o(.text)
    _ll_ushift_r                             0x080005c7   Thumb Code     0  llushr.o(.text)
    __aeabi_lasr                             0x080005e9   Thumb Code    38  llsshr.o(.text)
    _ll_sshift_r                             0x080005e9   Thumb Code     0  llsshr.o(.text)
    __I$use$fp                               0x0800060f   Thumb Code     0  iusefp.o(.text)
    _double_round                            0x0800060f   Thumb Code    26  depilogue.o(.text)
    _double_epilogue                         0x08000629   Thumb Code   164  depilogue.o(.text)
    __scatterload                            0x080006cd   Thumb Code    28  init.o(.text)
    __scatterload_rt2                        0x080006cd   Thumb Code     0  init.o(.text)
    main                                     0x080006f1   Thumb Code    40  system_py32f0xx.o(.text.$Sub$$main)
    DEBUG_USART_Config                       0x08000721   Thumb Code    32  bsp_usart.o(.text.DEBUG_USART_Config)
    HAL_GPIO_Init                            0x08000749   Thumb Code   328  py32f0xx_hal_gpio.o(.text.HAL_GPIO_Init)
    HAL_GetTick                              0x080008a1   Thumb Code     8  py32f0xx_hal.o(.text.HAL_GetTick)
    HAL_IncTick                              0x080008a9   Thumb Code    16  py32f0xx_hal.o(.text.HAL_IncTick)
    HAL_Init                                 0x080008bd   Thumb Code    24  py32f0xx_hal.o(.text.HAL_Init)
    HAL_InitTick                             0x080008d5   Thumb Code    64  py32f0xx_hal.o(.text.HAL_InitTick)
    HAL_MspInit                              0x08000919   Thumb Code    40  py32f0xx_hal_msp.o(.text.HAL_MspInit)
    HAL_NVIC_EnableIRQ                       0x08000945   Thumb Code    16  py32f0xx_hal_cortex.o(.text.HAL_NVIC_EnableIRQ)
    HAL_NVIC_SetPriority                     0x08000959   Thumb Code     8  py32f0xx_hal_cortex.o(.text.HAL_NVIC_SetPriority)
    HAL_RCC_ClockConfig                      0x08000961   Thumb Code   352  py32f0xx_hal_rcc.o(.text.HAL_RCC_ClockConfig)
    HAL_RCC_GetPCLK1Freq                     0x08000ad1   Thumb Code    28  py32f0xx_hal_rcc.o(.text.HAL_RCC_GetPCLK1Freq)
    HAL_RCC_GetSysClockFreq                  0x08000af9   Thumb Code   116  py32f0xx_hal_rcc.o(.text.HAL_RCC_GetSysClockFreq)
    HAL_RCC_OscConfig                        0x08000b7d   Thumb Code  1128  py32f0xx_hal_rcc.o(.text.HAL_RCC_OscConfig)
    HAL_SYSTICK_Config                       0x08001009   Thumb Code    40  py32f0xx_hal_cortex.o(.text.HAL_SYSTICK_Config)
    HAL_UART_Init                            0x0800103d   Thumb Code   132  py32f0xx_hal_uart.o(.text.HAL_UART_Init)
    HAL_UART_MspInit                         0x080010c1   Thumb Code   148  bsp_usart.o(.text.HAL_UART_MspInit)
    HAL_UART_Transmit                        0x08001161   Thumb Code   212  py32f0xx_hal_uart.o(.text.HAL_UART_Transmit)
    HardFault_Handler                        0x08001239   Thumb Code     2  py32f0xx_it.o(.text.HardFault_Handler)
    NMI_Handler                              0x0800123b   Thumb Code     2  py32f0xx_it.o(.text.NMI_Handler)
    PendSV_Handler                           0x08001275   Thumb Code     2  py32f0xx_it.o(.text.PendSV_Handler)
    SVC_Handler                              0x08001277   Thumb Code     2  py32f0xx_it.o(.text.SVC_Handler)
    SysTick_Handler                          0x08001279   Thumb Code     8  py32f0xx_it.o(.text.SysTick_Handler)
    SystemInit                               0x08001281   Thumb Code    32  system_py32f0xx.o(.text.SystemInit)
    USART1_IRQHandler                        0x080013c9   Thumb Code    20  py32f0xx_it.o(.text.USART1_IRQHandler)
    calc_func                                0x080013e1   Thumb Code   136  core_list_join.o(.text.calc_func)
    check_data_types                         0x08001469   Thumb Code     4  core_util.o(.text.check_data_types)
    cmp_complex                              0x0800146d   Thumb Code    30  core_list_join.o(.text.cmp_complex)
    cmp_idx                                  0x0800148b   Thumb Code    22  core_list_join.o(.text.cmp_idx)
    core_bench_list                          0x080014a1   Thumb Code   272  core_list_join.o(.text.core_bench_list)
    core_bench_matrix                        0x080015b5   Thumb Code    28  core_matrix.o(.text.core_bench_matrix)
    core_bench_state                         0x080015d1   Thumb Code   186  core_state.o(.text.core_bench_state)
    core_init_matrix                         0x0800168d   Thumb Code   216  core_matrix.o(.text.core_init_matrix)
    core_init_state                          0x08001769   Thumb Code   100  core_state.o(.text.core_init_state)
    core_list_find                           0x0800180d   Thumb Code    46  core_list_join.o(.text.core_list_find)
    core_list_init                           0x0800183d   Thumb Code   236  core_list_join.o(.text.core_list_init)
    core_list_mergesort                      0x08001939   Thumb Code   186  core_list_join.o(.text.core_list_mergesort)
    core_list_remove                         0x080019f3   Thumb Code    22  core_list_join.o(.text.core_list_remove)
    core_list_reverse                        0x08001a09   Thumb Code    20  core_list_join.o(.text.core_list_reverse)
    core_state_transition                    0x08001a1d   Thumb Code   286  core_state.o(.text.core_state_transition)
    crc16                                    0x08001b3b   Thumb Code    10  core_util.o(.text.crc16)
    crcu16                                   0x08001b45   Thumb Code    20  core_util.o(.text.crcu16)
    crcu32                                   0x08001b59   Thumb Code    20  core_util.o(.text.crcu32)
    crcu8                                    0x08001b6d   Thumb Code    36  core_util.o(.text.crcu8)
    ee_printf                                0x08001d81   Thumb Code  1424  ee_printf.o(.text.ee_printf)
    fcvtbuf                                  0x08002321   Thumb Code    24  cvt.o(.text.fcvtbuf)
    fputc                                    0x08002339   Thumb Code    20  bsp_usart.o(.text.fputc)
    get_seed_32                              0x08002351   Thumb Code    20  core_util.o(.text.get_seed_32)
    get_time                                 0x08002379   Thumb Code    12  core_portme.o(.text.get_time)
    iterate                                  0x08002389   Thumb Code    64  core_main.o(.text.iterate)
    $Super$$main                             0x080023c9   Thumb Code   108  main.o(.text.main)
    main2                                    0x08002451   Thumb Code  1064  core_main.o(.text.main2)
    matrix_add_const                         0x080029b5   Thumb Code    38  core_matrix.o(.text.matrix_add_const)
    matrix_mul_const                         0x080029db   Thumb Code    58  core_matrix.o(.text.matrix_mul_const)
    matrix_mul_matrix                        0x08002a15   Thumb Code   110  core_matrix.o(.text.matrix_mul_matrix)
    matrix_mul_matrix_bitextract             0x08002a83   Thumb Code   118  core_matrix.o(.text.matrix_mul_matrix_bitextract)
    matrix_mul_vect                          0x08002af9   Thumb Code    80  core_matrix.o(.text.matrix_mul_vect)
    matrix_sum                               0x08002b49   Thumb Code    96  core_matrix.o(.text.matrix_sum)
    matrix_test                              0x08002ba9   Thumb Code   176  core_matrix.o(.text.matrix_test)
    portable_fini                            0x08002dc1   Thumb Code    16  core_portme.o(.text.portable_fini)
    portable_init                            0x08002dd9   Thumb Code    40  core_portme.o(.text.portable_init)
    start_time                               0x08002e8d   Thumb Code    12  core_portme.o(.text.start_time)
    stop_time                                0x08002e99   Thumb Code    12  core_portme.o(.text.stop_time)
    time_in_secs                             0x08002ebd   Thumb Code    16  core_portme.o(.text.time_in_secs)
    uart_send_char                           0x08002ed1   Thumb Code    20  ee_printf.o(.text.uart_send_char)
    __ARM_clz                                0x08002eed   Thumb Code    46  depilogue.o(i.__ARM_clz)
    __scatterload_copy                       0x08002f1b   Thumb Code    14  handlers.o(i.__scatterload_copy)
    __scatterload_null                       0x08002f29   Thumb Code     2  handlers.o(i.__scatterload_null)
    __scatterload_zeroinit                   0x08002f2b   Thumb Code    14  handlers.o(i.__scatterload_zeroinit)
    modf                                     0x08002f39   Thumb Code   136  modf.o(i.modf)
    puts                                     0x08002fc9   Thumb Code    28  puts.o(i.puts)
    AHBPrescTable                            0x08002ffc   Data          64  system_py32f0xx.o(.rodata.AHBPrescTable)
    APBPrescTable                            0x0800303c   Data          32  system_py32f0xx.o(.rodata.APBPrescTable)
    HSIFreqTable                             0x0800305c   Data          32  system_py32f0xx.o(.rodata.HSIFreqTable)
    Region$$Table$$Base                      0x0800352c   Number         0  anon$$obj.o(Region$$Table)
    Region$$Table$$Limit                     0x0800354c   Number         0  anon$$obj.o(Region$$Table)
    VECT_SRAM_TAB                            0x20000000   Data         192  system_py32f0xx.o(.ARM.__at_0x20000000)
    __stdout                                 0x200000c0   Data           4  stdout.o(.data)
    uwTickPrio                               0x200000c4   Data           4  py32f0xx_hal.o(.data..L_MergedGlobals)
    uwTickFreq                               0x200000c8   Data           4  py32f0xx_hal.o(.data..L_MergedGlobals)
    SystemCoreClock                          0x200000cc   Data           4  system_py32f0xx.o(.data.SystemCoreClock)
    default_num_contexts                     0x200000d0   Data           4  core_portme.o(.data.default_num_contexts)
    seed3_volatile                           0x200000d4   Data           4  core_portme.o(.data.seed3_volatile)
    seed4_volatile                           0x200000d8   Data           4  core_portme.o(.data.seed4_volatile)
    Uart1_Handle                             0x200000e8   Data          76  bsp_usart.o(.bss.Uart1_Handle)
    seed1_volatile                           0x20000134   Data           4  core_portme.o(.bss.seed1_volatile)
    seed2_volatile                           0x20000138   Data           4  core_portme.o(.bss.seed2_volatile)
    seed5_volatile                           0x2000013c   Data           4  core_portme.o(.bss.seed5_volatile)
    static_memblk                            0x20000140   Data        2000  core_main.o(.bss.static_memblk)
    uwTick                                   0x20000910   Data           4  py32f0xx_hal.o(.bss.uwTick)
    __initial_sp                             0x20000d18   Data           0  startup_py32f030xx.o(STACK)



==============================================================================

Memory Map of the image

  Image Entry point : 0x080000c1

  Load Region LR_IROM1 (Base: 0x08000000, Size: 0x00003630, Max: 0x00008000, ABSOLUTE)

    Execution Region ER_IROM1 (Exec base: 0x08000000, Load base: 0x08000000, Size: 0x0000354c, Max: 0x00008000, ABSOLUTE)

    Exec Addr    Load Addr    Size         Type   Attr      Idx    E Section Name        Object

    0x08000000   0x08000000   0x000000c0   Data   RO           22    RESET               startup_py32f030xx.o
    0x080000c0   0x080000c0   0x00000000   Code   RO         1432  * .ARM.Collect$$$$00000000  mc_p.l(entry.o)
    0x080000c0   0x080000c0   0x00000004   Code   RO         1467    .ARM.Collect$$$$00000001  mc_p.l(entry2.o)
    0x080000c4   0x080000c4   0x00000004   Code   RO         1470    .ARM.Collect$$$$00000004  mc_p.l(entry5.o)
    0x080000c8   0x080000c8   0x00000000   Code   RO         1472    .ARM.Collect$$$$00000008  mc_p.l(entry7b.o)
    0x080000c8   0x080000c8   0x00000000   Code   RO         1474    .ARM.Collect$$$$0000000A  mc_p.l(entry8b.o)
    0x080000c8   0x080000c8   0x00000008   Code   RO         1475    .ARM.Collect$$$$0000000B  mc_p.l(entry9a.o)
    0x080000d0   0x080000d0   0x00000000   Code   RO         1477    .ARM.Collect$$$$0000000D  mc_p.l(entry10a.o)
    0x080000d0   0x080000d0   0x00000000   Code   RO         1479    .ARM.Collect$$$$0000000F  mc_p.l(entry11a.o)
    0x080000d0   0x080000d0   0x00000004   Code   RO         1468    .ARM.Collect$$$$00002712  mc_p.l(entry2.o)
    0x080000d4   0x080000d4   0x0000001c   Code   RO           23    .text               startup_py32f030xx.o
    0x080000f0   0x080000f0   0x00000164   Code   RO         1447    .text               mf_p.l(dadd.o)
    0x08000254   0x08000254   0x000000d0   Code   RO         1449    .text               mf_p.l(dmul.o)
    0x08000324   0x08000324   0x000000f0   Code   RO         1451    .text               mf_p.l(ddiv.o)
    0x08000414   0x08000414   0x0000002c   Code   RO         1453    .text               mf_p.l(dcmple.o)
    0x08000440   0x08000440   0x0000002c   Code   RO         1455    .text               mf_p.l(dcmplt.o)
    0x0800046c   0x0800046c   0x0000002c   Code   RO         1457    .text               mf_p.l(dcmpge.o)
    0x08000498   0x08000498   0x0000002e   Code   RO         1459    .text               mf_p.l(dcmpeq.o)
    0x080004c6   0x080004c6   0x00000002   PAD
    0x080004c8   0x080004c8   0x0000001c   Code   RO         1461    .text               mf_p.l(dfltui.o)
    0x080004e4   0x080004e4   0x00000048   Code   RO         1463    .text               mf_p.l(dfixi.o)
    0x0800052c   0x0800052c   0x0000003c   Code   RO         1465    .text               mf_p.l(dfixui.o)
    0x08000568   0x08000568   0x0000003e   Code   RO         1484    .text               mc_p.l(uidiv_div0.o)
    0x080005a6   0x080005a6   0x00000020   Code   RO         1490    .text               mc_p.l(llshl.o)
    0x080005c6   0x080005c6   0x00000022   Code   RO         1492    .text               mc_p.l(llushr.o)
    0x080005e8   0x080005e8   0x00000026   Code   RO         1494    .text               mc_p.l(llsshr.o)
    0x0800060e   0x0800060e   0x00000000   Code   RO         1496    .text               mc_p.l(iusefp.o)
    0x0800060e   0x0800060e   0x000000be   Code   RO         1497    .text               mf_p.l(depilogue.o)
    0x080006cc   0x080006cc   0x00000024   Code   RO         1501    .text               mc_p.l(init.o)
    0x080006f0   0x080006f0   0x00000030   Code   RO            6    .text.$Sub$$main    system_py32f0xx.o
    0x08000720   0x08000720   0x00000028   Code   RO           92    .text.DEBUG_USART_Config  bsp_usart.o
    0x08000748   0x08000748   0x00000158   Code   RO          599    .text.HAL_GPIO_Init  py32f0xx_hal_gpio.o
    0x080008a0   0x080008a0   0x00000008   Code   RO          307    .text.HAL_GetTick   py32f0xx_hal.o
    0x080008a8   0x080008a8   0x00000014   Code   RO          305    .text.HAL_IncTick   py32f0xx_hal.o
    0x080008bc   0x080008bc   0x00000018   Code   RO          295    .text.HAL_Init      py32f0xx_hal.o
    0x080008d4   0x080008d4   0x00000044   Code   RO          297    .text.HAL_InitTick  py32f0xx_hal.o
    0x08000918   0x08000918   0x0000002c   Code   RO           61    .text.HAL_MspInit   py32f0xx_hal_msp.o
    0x08000944   0x08000944   0x00000014   Code   RO          456    .text.HAL_NVIC_EnableIRQ  py32f0xx_hal_cortex.o
    0x08000958   0x08000958   0x00000008   Code   RO          452    .text.HAL_NVIC_SetPriority  py32f0xx_hal_cortex.o
    0x08000960   0x08000960   0x00000170   Code   RO          822    .text.HAL_RCC_ClockConfig  py32f0xx_hal_rcc.o
    0x08000ad0   0x08000ad0   0x00000028   Code   RO          828    .text.HAL_RCC_GetPCLK1Freq  py32f0xx_hal_rcc.o
    0x08000af8   0x08000af8   0x00000084   Code   RO          820    .text.HAL_RCC_GetSysClockFreq  py32f0xx_hal_rcc.o
    0x08000b7c   0x08000b7c   0x0000048c   Code   RO          818    .text.HAL_RCC_OscConfig  py32f0xx_hal_rcc.o
    0x08001008   0x08001008   0x00000034   Code   RO          462    .text.HAL_SYSTICK_Config  py32f0xx_hal_cortex.o
    0x0800103c   0x0800103c   0x00000084   Code   RO         1315    .text.HAL_UART_Init  py32f0xx_hal_uart.o
    0x080010c0   0x080010c0   0x000000a0   Code   RO           94    .text.HAL_UART_MspInit  bsp_usart.o
    0x08001160   0x08001160   0x000000d8   Code   RO         1329    .text.HAL_UART_Transmit  py32f0xx_hal_uart.o
    0x08001238   0x08001238   0x00000002   Code   RO           44    .text.HardFault_Handler  py32f0xx_it.o
    0x0800123a   0x0800123a   0x00000002   Code   RO           42    .text.NMI_Handler   py32f0xx_it.o
    0x0800123c   0x0800123c   0x00000038   Code   RO          454    .text.NVIC_SetPriority  py32f0xx_hal_cortex.o
    0x08001274   0x08001274   0x00000002   Code   RO           48    .text.PendSV_Handler  py32f0xx_it.o
    0x08001276   0x08001276   0x00000002   Code   RO           46    .text.SVC_Handler   py32f0xx_it.o
    0x08001278   0x08001278   0x00000008   Code   RO           50    .text.SysTick_Handler  py32f0xx_it.o
    0x08001280   0x08001280   0x00000030   Code   RO            4    .text.SystemInit    system_py32f0xx.o
    0x080012b0   0x080012b0   0x000000c4   Code   RO         1319    .text.UART_SetConfig  py32f0xx_hal_uart.o
    0x08001374   0x08001374   0x00000052   Code   RO         1331    .text.UART_WaitOnFlagUntilTimeout  py32f0xx_hal_uart.o
    0x080013c6   0x080013c6   0x00000002   PAD
    0x080013c8   0x080013c8   0x00000018   Code   RO           52    .text.USART1_IRQHandler  py32f0xx_it.o
    0x080013e0   0x080013e0   0x00000088   Code   RO          160    .text.calc_func     core_list_join.o
    0x08001468   0x08001468   0x00000004   Code   RO          247    .text.check_data_types  core_util.o
    0x0800146c   0x0800146c   0x0000001e   Code   RO          162    .text.cmp_complex   core_list_join.o
    0x0800148a   0x0800148a   0x00000016   Code   RO          164    .text.cmp_idx       core_list_join.o
    0x080014a0   0x080014a0   0x00000114   Code   RO          168    .text.core_bench_list  core_list_join.o
    0x080015b4   0x080015b4   0x0000001c   Code   RO          192    .text.core_bench_matrix  core_matrix.o
    0x080015d0   0x080015d0   0x000000ba   Code   RO          218    .text.core_bench_state  core_state.o
    0x0800168a   0x0800168a   0x00000002   PAD
    0x0800168c   0x0800168c   0x000000dc   Code   RO          208    .text.core_init_matrix  core_matrix.o
    0x08001768   0x08001768   0x000000a4   Code   RO          222    .text.core_init_state  core_state.o
    0x0800180c   0x0800180c   0x0000002e   Code   RO          170    .text.core_list_find  core_list_join.o
    0x0800183a   0x0800183a   0x00000002   PAD
    0x0800183c   0x0800183c   0x000000fc   Code   RO          180    .text.core_list_init  core_list_join.o
    0x08001938   0x08001938   0x000000ba   Code   RO          174    .text.core_list_mergesort  core_list_join.o
    0x080019f2   0x080019f2   0x00000016   Code   RO          176    .text.core_list_remove  core_list_join.o
    0x08001a08   0x08001a08   0x00000014   Code   RO          172    .text.core_list_reverse  core_list_join.o
    0x08001a1c   0x08001a1c   0x0000011e   Code   RO          220    .text.core_state_transition  core_state.o
    0x08001b3a   0x08001b3a   0x0000000a   Code   RO          245    .text.crc16         core_util.o
    0x08001b44   0x08001b44   0x00000014   Code   RO          241    .text.crcu16        core_util.o
    0x08001b58   0x08001b58   0x00000014   Code   RO          243    .text.crcu32        core_util.o
    0x08001b6c   0x08001b6c   0x00000028   Code   RO          239    .text.crcu8         core_util.o
    0x08001b94   0x08001b94   0x000001ec   Code   RO          259    .text.cvt           cvt.o
    0x08001d80   0x08001d80   0x000005a0   Code   RO          278    .text.ee_printf     ee_printf.o
    0x08002320   0x08002320   0x00000018   Code   RO          265    .text.fcvtbuf       cvt.o
    0x08002338   0x08002338   0x00000018   Code   RO           98    .text.fputc         bsp_usart.o
    0x08002350   0x08002350   0x00000028   Code   RO          237    .text.get_seed_32   core_util.o
    0x08002378   0x08002378   0x00000010   Code   RO          118    .text.get_time      core_portme.o
    0x08002388   0x08002388   0x00000040   Code   RO          142    .text.iterate       core_main.o
    0x080023c8   0x080023c8   0x00000088   Code   RO           30    .text.main          main.o
    0x08002450   0x08002450   0x00000564   Code   RO          144    .text.main2         core_main.o
    0x080029b4   0x080029b4   0x00000026   Code   RO          196    .text.matrix_add_const  core_matrix.o
    0x080029da   0x080029da   0x0000003a   Code   RO          198    .text.matrix_mul_const  core_matrix.o
    0x08002a14   0x08002a14   0x0000006e   Code   RO          204    .text.matrix_mul_matrix  core_matrix.o
    0x08002a82   0x08002a82   0x00000076   Code   RO          206    .text.matrix_mul_matrix_bitextract  core_matrix.o
    0x08002af8   0x08002af8   0x00000050   Code   RO          202    .text.matrix_mul_vect  core_matrix.o
    0x08002b48   0x08002b48   0x00000060   Code   RO          200    .text.matrix_sum    core_matrix.o
    0x08002ba8   0x08002ba8   0x000000bc   Code   RO          194    .text.matrix_test   core_matrix.o
    0x08002c64   0x08002c64   0x0000015c   Code   RO          284    .text.number        ee_printf.o
    0x08002dc0   0x08002dc0   0x00000018   Code   RO          124    .text.portable_fini  core_portme.o
    0x08002dd8   0x08002dd8   0x00000090   Code   RO          122    .text.portable_init  core_portme.o
    0x08002e68   0x08002e68   0x00000024   Code   RO          280    .text.skip_atoi     ee_printf.o
    0x08002e8c   0x08002e8c   0x0000000c   Code   RO          114    .text.start_time    core_portme.o
    0x08002e98   0x08002e98   0x00000010   Code   RO          116    .text.stop_time     core_portme.o
    0x08002ea8   0x08002ea8   0x00000014   Code   RO          282    .text.strnlen       ee_printf.o
    0x08002ebc   0x08002ebc   0x00000014   Code   RO          120    .text.time_in_secs  core_portme.o
    0x08002ed0   0x08002ed0   0x0000001c   Code   RO          276    .text.uart_send_char  ee_printf.o
    0x08002eec   0x08002eec   0x0000002e   Code   RO         1499    i.__ARM_clz         mf_p.l(depilogue.o)
    0x08002f1a   0x08002f1a   0x0000000e   Code   RO         1505    i.__scatterload_copy  mc_p.l(handlers.o)
    0x08002f28   0x08002f28   0x00000002   Code   RO         1506    i.__scatterload_null  mc_p.l(handlers.o)
    0x08002f2a   0x08002f2a   0x0000000e   Code   RO         1507    i.__scatterload_zeroinit  mc_p.l(handlers.o)
    0x08002f38   0x08002f38   0x00000090   Code   RO         1429    i.modf              m_ps.l(modf.o)
    0x08002fc8   0x08002fc8   0x00000020   Code   RO         1435    i.puts              mc_p.l(puts.o)
    0x08002fe8   0x08002fe8   0x00000014   Data   RO          846    .rodata..L__const.HAL_RCC_GetSysClockFreq.hsiValue  py32f0xx_hal_rcc.o
    0x08002ffc   0x08002ffc   0x00000040   Data   RO            9    .rodata.AHBPrescTable  system_py32f0xx.o
    0x0800303c   0x0800303c   0x00000020   Data   RO           10    .rodata.APBPrescTable  system_py32f0xx.o
    0x0800305c   0x0800305c   0x00000020   Data   RO           11    .rodata.HSIFreqTable  system_py32f0xx.o
    0x0800307c   0x0800307c   0x00000010   Data   RO          227    .rodata.errpat      core_state.o
    0x0800308c   0x0800308c   0x00000010   Data   RO          225    .rodata.floatpat    core_state.o
    0x0800309c   0x0800309c   0x00000010   Data   RO          224    .rodata.intpat      core_state.o
    0x080030ac   0x080030ac   0x0000000a   Data   RO          149    .rodata.list_known_crc  core_main.o
    0x080030b6   0x080030b6   0x0000000a   Data   RO          150    .rodata.matrix_known_crc  core_main.o
    0x080030c0   0x080030c0   0x00000010   Data   RO          226    .rodata.scipat      core_state.o
    0x080030d0   0x080030d0   0x0000000a   Data   RO          151    .rodata.state_known_crc  core_main.o
    0x080030da   0x080030da   0x00000385   Data   RO          146    .rodata.str1.1      core_main.o
    0x0800345f   0x0800345f   0x00000080   Data   RO          228    .rodata.str1.1      core_state.o
    0x080034df   0x080034df   0x0000004a   Data   RO          286    .rodata.str1.1      ee_printf.o
    0x08003529   0x08003529   0x00000003   PAD
    0x0800352c   0x0800352c   0x00000020   Data   RO         1504    Region$$Table       anon$$obj.o


    Execution Region RW_IRAM1 (Exec base: 0x20000000, Load base: 0x08003550, Size: 0x00000d18, Max: 0x00001000, ABSOLUTE)

    Exec Addr    Load Addr    Size         Type   Attr      Idx    E Section Name        Object

    0x20000000   0x08003550   0x000000c0   Data   RW           12    .ARM.__at_0x20000000  system_py32f0xx.o
    0x200000c0   0x08003610   0x00000004   Data   RW         1481    .data               mc_p.l(stdout.o)
    0x200000c4   0x08003614   0x00000008   Data   RW          340    .data..L_MergedGlobals  py32f0xx_hal.o
    0x200000cc   0x0800361c   0x00000004   Data   RW            8    .data.SystemCoreClock  system_py32f0xx.o
    0x200000d0   0x08003620   0x00000004   Data   RW          132    .data.default_num_contexts  core_portme.o
    0x200000d4   0x08003624   0x00000004   Data   RW          129    .data.seed3_volatile  core_portme.o
    0x200000d8   0x08003628   0x00000004   Data   RW          130    .data.seed4_volatile  core_portme.o
    0x200000dc   0x0800362c   0x00000004   PAD
    0x200000e0        -       0x00000008   Zero   RW          133    .bss..L_MergedGlobals  core_portme.o
    0x200000e8        -       0x0000004c   Zero   RW          102    .bss.Uart1_Handle   bsp_usart.o
    0x20000134        -       0x00000004   Zero   RW          127    .bss.seed1_volatile  core_portme.o
    0x20000138        -       0x00000004   Zero   RW          128    .bss.seed2_volatile  core_portme.o
    0x2000013c        -       0x00000004   Zero   RW          131    .bss.seed5_volatile  core_portme.o
    0x20000140        -       0x000007d0   Zero   RW          148    .bss.static_memblk  core_main.o
    0x20000910        -       0x00000004   Zero   RW          339    .bss.uwTick         py32f0xx_hal.o
    0x20000914   0x0800362c   0x00000004   PAD
    0x20000918        -       0x00000400   Zero   RW           20    STACK               startup_py32f030xx.o


==============================================================================

Image component sizes


      Code (inc. data)   RO Data    RW Data    ZI Data      Debug   Object Name

       224         24          0          0         76       6212   bsp_usart.o
       990         20          0          0          0       9391   core_list_join.o
      1444        320        931          0       2000       4995   core_main.o
       936         16          0          0          0       6696   core_matrix.o
       232        124          0         12         20       3403   core_portme.o
       636         72        192          0          0       4119   core_state.o
       134         24          0          0          0       2175   core_util.o
       516         16          0          0          0       3395   cvt.o
      1872         56         74          0          0      11797   ee_printf.o
       136         28          0          0          0       1756   main.o
       120          8          0          8          4       5272   py32f0xx_hal.o
       136         24          0          0          0       5319   py32f0xx_hal_cortex.o
       344         16          0          0          0       4399   py32f0xx_hal_gpio.o
        44          4          0          0          0       1241   py32f0xx_hal_msp.o
      1704        104         20          0          0       8843   py32f0xx_hal_rcc.o
       626         16          0          0          0      18304   py32f0xx_hal_uart.o
        40          4          0          0          0       1032   py32f0xx_it.o
        28          8        192          0       1024        704   startup_py32f030xx.o
        96         24        128        196          0       2336   system_py32f0xx.o

    ----------------------------------------------------------------------
     10264        908       1572        216       3132     101389   Object Totals
         0          0         32          0          0          0   (incl. Generated)
         6          0          3          0          8          0   (incl. Padding)

    ----------------------------------------------------------------------

      Code (inc. data)   RO Data    RW Data    ZI Data      Debug   Library Member Name

       144          8          0          0          0         76   modf.o
         0          0          0          0          0          0   entry.o
         0          0          0          0          0          0   entry10a.o
         0          0          0          0          0          0   entry11a.o
         8          4          0          0          0          0   entry2.o
         4          0          0          0          0          0   entry5.o
         0          0          0          0          0          0   entry7b.o
         0          0          0          0          0          0   entry8b.o
         8          4          0          0          0          0   entry9a.o
        30          0          0          0          0          0   handlers.o
        36          8          0          0          0         68   init.o
         0          0          0          0          0          0   iusefp.o
        32          0          0          0          0         68   llshl.o
        38          0          0          0          0         68   llsshr.o
        34          0          0          0          0         68   llushr.o
        32          4          0          0          0         68   puts.o
         0          0          0          4          0          0   stdout.o
        62          0          0          0          0         72   uidiv_div0.o
       356          4          0          0          0        140   dadd.o
        46          0          0          0          0         68   dcmpeq.o
        44          0          0          0          0         68   dcmpge.o
        44          0          0          0          0         68   dcmple.o
        44          0          0          0          0         68   dcmplt.o
       240          6          0          0          0         84   ddiv.o
       236          0          0          0          0        216   depilogue.o
        72         10          0          0          0         72   dfixi.o
        60         10          0          0          0         68   dfixui.o
        28          4          0          0          0         68   dfltui.o
       208          6          0          0          0         88   dmul.o

    ----------------------------------------------------------------------
      1808         68          0          4          0       1496   Library Totals
         2          0          0          0          0          0   (incl. Padding)

    ----------------------------------------------------------------------

      Code (inc. data)   RO Data    RW Data    ZI Data      Debug   Library Name

       144          8          0          0          0         76   m_ps.l
       284         20          0          4          0        412   mc_p.l
      1378         40          0          0          0       1008   mf_p.l

    ----------------------------------------------------------------------
      1808         68          0          4          0       1496   Library Totals

    ----------------------------------------------------------------------

==============================================================================


      Code (inc. data)   RO Data    RW Data    ZI Data      Debug   

     12072        976       1572        220       3132     101949   Grand Totals
     12072        976       1572        220       3132     101949   ELF Image Totals
     12072        976       1572        220          0          0   ROM Totals

==============================================================================

    Total RO  Size (Code + RO Data)                13644 (  13.32kB)
    Total RW  Size (RW Data + ZI Data)              3352 (   3.27kB)
    Total ROM Size (Code + RO Data + RW Data)      13864 (  13.54kB)

==============================================================================

