<html>
<body>
<pre>
<h1>µVision Build Log</h1>
<h2>Tool Versions:</h2>
IDE-Version: ¦ÌVision V5.38.0.0
Copyright (C) 2022 ARM Ltd and ARM Germany GmbH. All rights reserved.
License Information: 111 U7411, 1111, LIC=65ISZ-J6H1I-GK7BG-V1PLN-ZSP4A-JMYDS
 
Tool Versions:
Toolchain:       MDK-ARM Plus  Version: 5.38.0.0
Toolchain Path:  C:\Keil_v5\ARM\ARMCLANG\Bin
C Compiler:      ArmClang.exe V6.19
Assembler:       Armasm.exe V6.19
Linker/Locator:  ArmLink.exe V6.19
Library Manager: ArmAr.exe V6.19
Hex Converter:   FromElf.exe V6.19
CPU DLL:         SARMCM3.DLL V5.38.0.0
Dialog DLL:      DARMCM1.DLL V1.19.6.0
Target DLL:      STLink\ST-LINKIII-KEIL_SWO.dll V3.1.0.0
Dialog DLL:      TARMCM1.DLL V1.14.6.0
 
<h2>Project:</h2>
C:\Users\U7411\Desktop\py32key\USART_IDLE_IT\MDK-Project\Project.uvprojx
Project File Date:  01/29/2026

<h2>Output:</h2>
*** Using Compiler 'V6.19', folder: 'C:\Keil_v5\ARM\ARMCLANG\Bin'
Rebuild target 'PY32F030_Project'
assembling startup_py32f030xx.s...
compiling py32f0xx_hal_msp.c...
compiling bsp_led.c...
compiling system_py32f0xx.c...
../User/main.c(22): warning: In file included from...
../User/coremark.h(38): warning: In file included from...
../User/core_portme.h(92): warning: 'NULL' macro redefined [-Wmacro-redefined]
#define NULL ((void *)0)
        ^
C:\Keil_v5\ARM\ARMCLANG\Bin\..\include\string.h(56): note: previous definition is here
#define NULL 0                   /* see <stddef.h> */
        ^
1 warning generated.
compiling main.c...
compiling py32f0xx_it.c...
compiling bsp_key.c...
compiling bsp_usart.c...
compiling core_portme.c...
compiling core_matrix.c...
compiling core_state.c...
compiling core_list_join.c...
compiling core_util.c...
compiling core_main.c...
compiling cvt.c...
compiling py32f0xx_hal.c...
compiling py32f0xx_hal_adc_ex.c...
compiling py32f0xx_hal_comp.c...
compiling py32f0xx_hal_adc.c...
compiling py32f0xx_hal_cortex.c...
compiling py32f0xx_hal_crc.c...
compiling ee_printf.c...
compiling py32f0xx_hal_exti.c...
compiling py32f0xx_hal_dma.c...
compiling py32f0xx_hal_gpio.c...
compiling py32f0xx_hal_irda.c...
compiling py32f0xx_hal_iwdg.c...
compiling py32f0xx_hal_flash.c...
compiling py32f0xx_hal_lptim.c...
compiling py32f0xx_hal_led.c...
compiling py32f0xx_hal_pwr.c...
compiling py32f0xx_hal_rtc.c...
compiling py32f0xx_hal_rcc_ex.c...
compiling py32f0xx_hal_rcc.c...
compiling py32f0xx_hal_rtc_ex.c...
compiling py32f0xx_hal_usart.c...
compiling py32f0xx_hal_i2c.c...
compiling py32f0xx_hal_tim_ex.c...
compiling py32f0xx_hal_wwdg.c...
compiling py32f0xx_hal_spi.c...
compiling py32f0xx_hal_uart.c...
compiling py32f0xx_hal_tim.c...
linking...
Program Size: Code=12072 RO-data=1572 RW-data=220 ZI-data=3132  
FromELF: creating hex file...
".\Output\Project.axf" - 0 Error(s), 1 Warning(s).

<h2>Software Packages used:</h2>

Package Vendor: ARM
                http://www.keil.com/pack/ARM.CMSIS.5.9.0.pack
                ARM.CMSIS.5.9.0
                CMSIS (Common Microcontroller Software Interface Standard)
   * Component: CORE Version: 5.6.0

Package Vendor: Puya
                https://www.puyasemi.com/Puya.PY32F0xx_DFP.1.1.7.pack
                Puya.PY32F0xx_DFP.1.1.7
                Puya PY32F0 Series Device Support

<h2>Collection of Component include folders:</h2>
  ./RTE/_PY32F030_Project
  C:/Users/U7411/AppData/Local/Arm/Packs/ARM/CMSIS/5.9.0/CMSIS/Core/Include
  C:/Users/U7411/AppData/Local/Arm/Packs/Puya/PY32F0xx_DFP/1.1.7/Device/Include

<h2>Collection of Component Files used:</h2>

   * Component: ARM::CMSIS:CORE:5.6.0
Build Time Elapsed:  00:00:05
</pre>
</body>
</html>
